// Jest Snapshot v1, https://goo.gl/fbAQLP

exports[`checkInvalidActionCreator(ac) 1`] = `"boolean"`;

exports[`checkInvalidActionType('asdf') 1`] = `"boolean"`;

exports[`checkInvalidActionType(Symbol() as any) 1`] = `"boolean"`;

exports[`checkIsEmpty(null) 1`] = `"boolean"`;

exports[`checkIsEmpty(undefined) 1`] = `"boolean"`;
