// Jest Snapshot v1, https://goo.gl/fbAQLP

exports[`withError(true) 1`] = `"{ type: \\"ACTION\\"; error: boolean; }"`;

exports[`withMeta('info') 1`] = `"{ type: \\"ACTION\\"; meta: string; }"`;

exports[`withOptionalError() 1`] = `"{ type: \\"ACTION\\"; error: boolean | undefined; }"`;

exports[`withOptionalError(true) 1`] = `"{ type: \\"ACTION\\"; error: boolean | undefined; }"`;

exports[`withOptionalMeta('info') 1`] = `"{ type: \\"ACTION\\"; meta: string | undefined; }"`;

exports[`withOptionalMeta() 1`] = `"{ type: \\"ACTION\\"; meta: string | undefined; }"`;

exports[`withOptionalPayload('Hello!') 1`] = `"{ type: \\"ACTION\\"; payload: string | undefined; }"`;

exports[`withOptionalPayload() 1`] = `"{ type: \\"ACTION\\"; payload: string | undefined; }"`;

exports[`withOptionalPayloadAndMeta('info') 1`] = `"{ type: \\"ACTION\\"; payload: string | undefined; meta: string; }"`;

exports[`withOptionalPayloadAndMeta('info', 'Hello!') 1`] = `"{ type: \\"ACTION\\"; payload: string | undefined; meta: string; }"`;

exports[`withOptionalPayloadAndOptionalMeta('Hello!') 1`] = `"{ type: \\"ACTION\\"; payload: string | undefined; meta: string | undefined; }"`;

exports[`withOptionalPayloadAndOptionalMeta('Hello!', 'info') 1`] = `"{ type: \\"ACTION\\"; payload: string | undefined; meta: string | undefined; }"`;

exports[`withOptionalPayloadAndOptionalMeta() 1`] = `"{ type: \\"ACTION\\"; payload: string | undefined; meta: string | undefined; }"`;

exports[`withOptionalPayloadOptionalMetaAndOptionalError('Hello!') 1`] = `"{ type: \\"ACTION\\"; payload: string | undefined; meta: string | undefined; error: boolean | undefined; }"`;

exports[`withOptionalPayloadOptionalMetaAndOptionalError('Hello!', 'info') 1`] = `"{ type: \\"ACTION\\"; payload: string | undefined; meta: string | undefined; error: boolean | undefined; }"`;

exports[`withOptionalPayloadOptionalMetaAndOptionalError('Hello!', 'info', true) 1`] = `"{ type: \\"ACTION\\"; payload: string | undefined; meta: string | undefined; error: boolean | undefined; }"`;

exports[`withOptionalPayloadOptionalMetaAndOptionalError() 1`] = `"{ type: \\"ACTION\\"; payload: string | undefined; meta: string | undefined; error: boolean | undefined; }"`;

exports[`withPayload('Hello!') 1`] = `"{ type: \\"ACTION\\"; payload: string; }"`;

exports[`withPayloadAndMeta('Hello!', 'info') 1`] = `"{ type: \\"ACTION\\"; payload: string; meta: string; }"`;

exports[`withPayloadAndOptionalMeta('Hello!') 1`] = `"{ type: \\"ACTION\\"; payload: string; meta: string | undefined; }"`;

exports[`withPayloadAndOptionalMeta('Hello!', 'info') 1`] = `"{ type: \\"ACTION\\"; payload: string; meta: string | undefined; }"`;

exports[`withPayloadMetaAndError('Hello!', 'info', true) 1`] = `"{ type: \\"ACTION\\"; payload: string; meta: string; error: boolean; }"`;

exports[`withPayloadMetaAndOptionalError('Hello!', 'info') 1`] = `"{ type: \\"ACTION\\"; payload: string; meta: string; error: boolean | undefined; }"`;

exports[`withPayloadMetaAndOptionalError('Hello!', 'info', true) 1`] = `"{ type: \\"ACTION\\"; payload: string; meta: string; error: boolean | undefined; }"`;

exports[`withSymbol() 1`] = `"{ type: any; }"`;

exports[`withTypeOnly() 1`] = `"{ type: \\"ACTION\\"; }"`;
