// Jest Snapshot v1, https://goo.gl/fbAQLP

exports[`actionCreator.toString() 1`] = `"string"`;

exports[`withMeta('token') 1`] = `"{ type: \\"CREATE_CUSTOM_ACTION\\"; meta: string; }"`;

exports[`withOptionalPayload() 1`] = `"{ type: \\"CREATE_CUSTOM_ACTION\\"; payload: number | undefined; }"`;

exports[`withOptionalPayload(1) 1`] = `"{ type: \\"CREATE_CUSTOM_ACTION\\"; payload: number | undefined; }"`;

exports[`withPayload(1) 1`] = `"{ type: \\"CREATE_CUSTOM_ACTION\\"; payload: number; }"`;

exports[`withPayloadAndMeta('Hello!', 'info') 1`] = `"{ type: \\"CREATE_CUSTOM_ACTION\\"; payload: string; meta: string; }"`;

exports[`withSymbol() 1`] = `"{ type: any; }"`;

exports[`withTypeOnly() 1`] = `"{ type: \\"CREATE_CUSTOM_ACTION\\"; }"`;
