// Jest Snapshot v1, https://goo.gl/fbAQLP

exports[`Redux Actions - with meta - obj param withMeta({ meta: 'info message' }) (type) should match snapshot 1`] = `"TH.PayloadMetaAction<\\"CREATE_ACTION\\", undefined, string>"`;

exports[`Redux Actions - with meta - obj union param withMeta({ meta: 'info message' }) (type) should match snapshot 1`] = `"TH.PayloadMetaAction<\\"CREATE_ACTION\\", undefined, string | number | null>"`;

exports[`Redux Actions - with meta - obj union param withMeta({ meta: 3 }) (type) should match snapshot 1`] = `"TH.PayloadMetaAction<\\"CREATE_ACTION\\", undefined, string | number | null>"`;

exports[`Redux Actions - with meta - obj union param withMeta({ meta: null }) (type) should match snapshot 1`] = `"TH.PayloadMetaAction<\\"CREATE_ACTION\\", undefined, string | number | null>"`;

exports[`Redux Actions - with payload - obj param withPayload({ payload: 'info message' }) (type) should match snapshot 1`] = `"TH.PayloadAction<\\"CREATE_ACTION\\", string>"`;

exports[`Redux Actions - with payload - obj union param withPayload({ payload: 'info message' }) (type) should match snapshot 1`] = `"TH.PayloadAction<\\"CREATE_ACTION\\", string | number | null>"`;

exports[`Redux Actions - with payload - obj union param withPayload({ payload: 3 }) (type) should match snapshot 1`] = `"TH.PayloadAction<\\"CREATE_ACTION\\", string | number | null>"`;

exports[`Redux Actions - with payload - obj union param withPayload({ payload: null }) (type) should match snapshot 1`] = `"TH.PayloadAction<\\"CREATE_ACTION\\", string | number | null>"`;

exports[`Redux Actions - with payload and meta - multiple primitive params withPayloadAndMeta('Piotr', 'Hello!') (type) should match snapshot 1`] = `"TH.PayloadMetaAction<\\"CREATE_ACTION\\", string, { username: string; message: string; }>"`;

exports[`Redux Actions - with payload and meta - obj param withPayloadAndMeta({ username: 'Piotr', message: 'Hello!' }) (type) should match snapshot 1`] = `"TH.PayloadMetaAction<\\"CREATE_ACTION\\", string, { username: string; message: string; }>"`;

exports[`toString() method return a type actionCreator.toString() (type) should match snapshot 1`] = `"string"`;

exports[`type-safe usage with higher-order function setUserSetting('settingA', 'foo') (type) should match snapshot 1`] = `"TH.PayloadAction<\\"SET_USER_SETTING\\", { setting: \\"settingA\\"; newValue: string; }>"`;

exports[`type-safe usage with higher-order function setUserSetting('settingA', 0) (type) should match snapshot 1`] = `"Argument of type '0' is not assignable to parameter of type 'string'."`;

exports[`type-safe usage with higher-order function setUserSetting('settingB', 'foo') (type) should match snapshot 1`] = `"Argument of type '\\"foo\\"' is not assignable to parameter of type 'number'."`;

exports[`type-safe usage with higher-order function setUserSetting('settingB', 0) (type) should match snapshot 1`] = `"TH.PayloadAction<\\"SET_USER_SETTING\\", { setting: \\"settingB\\"; newValue: number; }>"`;

exports[`with meta - any withMeta(undefined, 'token') (type) should match snapshot 1`] = `"TH.PayloadMetaAction<\\"CREATE_ACTION\\", undefined, any>"`;

exports[`with meta withMeta(undefined, 'token') (type) should match snapshot 1`] = `"TH.PayloadMetaAction<\\"CREATE_ACTION\\", undefined, string>"`;

exports[`with payload - any withPayload(10) (type) should match snapshot 1`] = `"TH.PayloadAction<\\"CREATE_ACTION\\", any>"`;

exports[`with payload - boolean withPayload(true) (type) should match snapshot 1`] = `"TH.PayloadAction<\\"CREATE_ACTION\\", boolean>"`;

exports[`with payload - literal string union withPayload('up') (type) should match snapshot 1`] = `"TH.PayloadAction<\\"CREATE_ACTION\\", \\"up\\" | \\"down\\" | \\"unknown\\">"`;

exports[`with payload - number withPayload(10) (type) should match snapshot 1`] = `"TH.PayloadAction<\\"CREATE_ACTION\\", number>"`;

exports[`with payload - primitives union withPayload('foo') (type) should match snapshot 1`] = `"TH.PayloadAction<\\"CREATE_ACTION\\", string | number | null>"`;

exports[`with payload - primitives union withPayload(3) (type) should match snapshot 1`] = `"TH.PayloadAction<\\"CREATE_ACTION\\", string | number | null>"`;

exports[`with payload - primitives union withPayload(null) (type) should match snapshot 1`] = `"TH.PayloadAction<\\"CREATE_ACTION\\", string | number | null>"`;

exports[`with payload and meta withPayloadAndMeta(1, 'token') (type) should match snapshot 1`] = `"TH.PayloadMetaAction<\\"CREATE_ACTION\\", number, string>"`;

exports[`with symbol withSymbol() (type) should match snapshot 1`] = `"TH.EmptyAction<any>"`;

exports[`with type only - undefined withTypeOnly() (type) should match snapshot 1`] = `"TH.EmptyAction<\\"CREATE_ACTION\\">"`;

exports[`with type only withTypeOnly() (type) should match snapshot 1`] = `"TH.EmptyAction<\\"CREATE_ACTION\\">"`;
