// Jest Snapshot v1, https://goo.gl/fbAQLP

exports[`fn(0, {} as any) 1`] = `"number"`;

exports[`fn(0, {} as any) 2`] = `"number"`;

exports[`fn(0, {} as any) 3`] = `"number"`;

exports[`fn(0, {} as any) 4`] = `"number"`;

exports[`fn(0, {} as any) 5`] = `"number"`;

exports[`fn(0, {} as any) 6`] = `"number"`;

exports[`fn(0, add(4)) 1`] = `"number"`;

exports[`fn(0, add(4)) 2`] = `"number"`;

exports[`fn(0, add(4)) 3`] = `"number"`;

exports[`fn(0, add(4)) 4`] = `"number"`;

exports[`fn(0, add(4)) 5`] = `"number"`;

exports[`fn(0, add(4)) 6`] = `"number"`;

exports[`fn(0, increment()) 1`] = `"number"`;

exports[`fn(0, increment()) 2`] = `"number"`;

exports[`fn(0, increment()) 3`] = `"number"`;

exports[`fn(0, increment()) 4`] = `"number"`;

exports[`fn(0, increment()) 5`] = `"number"`;

exports[`fn(0, increment()) 6`] = `"number"`;
