// Jest Snapshot v1, https://goo.gl/fbAQLP

exports[`actionCreator.toString() 1`] = `"string"`;

exports[`add(1) 1`] = `"{ type: \\"WITH_PAYLOAD\\"; payload: number; }"`;

exports[`create() 1`] = `"{ type: \\"WITH_OPTIONAL_PAYLOAD\\"; payload: number | undefined; }"`;

exports[`create(1) 1`] = `"{ type: \\"WITH_OPTIONAL_PAYLOAD\\"; payload: number | undefined; }"`;

exports[`increment() 1`] = `"{ type: \\"WITH_TYPE_ONLY\\"; }"`;

exports[`showNotification('Hello!', 'info') 1`] = `"{ type: \\"SHOW_NOTIFICATION\\"; payload: string; meta: string; }"`;

exports[`withMeta('token') 1`] = `"{ type: \\"WITH_META\\"; meta: string; }"`;

exports[`withSymbol() 1`] = `"{ type: any; }"`;
