// Jest Snapshot v1, https://goo.gl/fbAQLP

exports[`fetchUsers.failure(
    Error('reason')
  ) 1`] = `"T.PayloadAction<\\"FETCH_USERS_FAILURE\\", Error>"`;

exports[`fetchUsers.failure(
    Error('reason')
  ) 2`] = `"T.PayloadAction<\\"FETCH_USERS_FAILURE\\", any>"`;

exports[`fetchUsers.request(
    1
  ) 1`] = `"T.PayloadAction<\\"FETCH_USERS_REQUEST\\", any>"`;

exports[`fetchUsers.request() 1`] = `"T.EmptyAction<\\"FETCH_USERS_REQUEST\\">"`;

exports[`fetchUsers.success([
    { firstName: 'Piotr', lastName: 'Witek' },
  ]) 1`] = `"T.PayloadAction<\\"FETCH_USERS_SUCCESS\\", User[]>"`;

exports[`fetchUsers.success([
    { firstName: 'Piotr', lastName: 'Witek' },
  ]) 2`] = `"T.PayloadAction<\\"FETCH_USERS_SUCCESS\\", any[]>"`;
