// Jest Snapshot v1, https://goo.gl/fbAQLP

exports[`action 1`] = `"any"`;

exports[`action 2`] = `"any"`;

exports[`actual 1`] = `"T.EmptyAction<\\"WITH_TYPE_ONLY\\">[]"`;

exports[`actual 2`] = `"(T.EmptyAction<\\"WITH_TYPE_ONLY\\"> | T.PayloadAction<\\"WITH_PAYLOAD\\", number>)[]"`;

exports[`actual 3`] = `"(T.EmptyAction<\\"WITH_TYPE_ONLY\\"> | T.PayloadAction<\\"WITH_PAYLOAD\\", number> | T.PayloadMetaAction<\\"WITH_PAYLOAD_META\\", number, string>)[]"`;

exports[`actual 4`] = `"(T.EmptyAction<\\"WITH_TYPE_ONLY\\"> | T.PayloadAction<\\"WITH_PAYLOAD\\", number> | T.PayloadMetaAction<\\"WITH_PAYLOAD_META\\", number, string> | ({ type: \\"WITH_MAPPED_PAYLOAD\\"; } & { payload: number; }))[]"`;

exports[`actual 5`] = `"(T.EmptyAction<\\"WITH_TYPE_ONLY\\"> | T.PayloadAction<\\"WITH_PAYLOAD\\", number> | T.PayloadMetaAction<\\"WITH_PAYLOAD_META\\", number, string> | ({ type: \\"WITH_MAPPED_PAYLOAD\\"; } & { payload: number; }) | ({ type: \\"WITH_MAPPED_PAYLOAD_META\\"; } & { payload: number; meta: string; }))[]"`;
