// Jest Snapshot v1, https://goo.gl/fbAQLP

exports[`action 1`] = `"any"`;

exports[`action 2`] = `"any"`;

exports[`actual 1`] = `"TH.EmptyAction<\\"WITH_TYPE_ONLY\\">[]"`;

exports[`actual 2`] = `"(TH.EmptyAction<\\"WITH_TYPE_ONLY\\"> | TH.PayloadAction<\\"WITH_PAYLOAD\\", number>)[]"`;

exports[`actual 3`] = `"(TH.EmptyAction<\\"WITH_TYPE_ONLY\\"> | TH.PayloadAction<\\"WITH_PAYLOAD\\", number> | TH.PayloadMetaAction<\\"WITH_PAYLOAD_META\\", number, string>)[]"`;

exports[`actual 4`] = `"(TH.EmptyAction<\\"WITH_TYPE_ONLY\\"> | TH.PayloadAction<\\"WITH_PAYLOAD\\", number> | TH.PayloadAction<\\"WITH_MAPPED_PAYLOAD\\", number> | TH.PayloadMetaAction<\\"WITH_PAYLOAD_META\\", number, string>)[]"`;

exports[`actual 5`] = `"(TH.EmptyAction<\\"WITH_TYPE_ONLY\\"> | TH.PayloadAction<\\"WITH_PAYLOAD\\", number> | TH.PayloadAction<\\"WITH_MAPPED_PAYLOAD\\", number> | TH.PayloadMetaAction<\\"WITH_PAYLOAD_META\\", number, string> | TH.PayloadMetaAction<\\"WITH_MAPPED_PAYLOAD_META\\", number, string>)[]"`;

exports[`isOfType([types.WITH_TYPE_ONLY, types.WITH_PAYLOAD])(mappedPayloadAction) 1`] = `"boolean"`;

exports[`isOfType([types.WITH_TYPE_ONLY, types.WITH_PAYLOAD])(payloadAction) 1`] = `"boolean"`;

exports[`isOfType([types.WITH_TYPE_ONLY, types.WITH_PAYLOAD])(typeOnlyAction) 1`] = `"boolean"`;

exports[`isOfType([types.WITH_TYPE_ONLY, types.WITH_PAYLOAD], mappedPayloadAction) 1`] = `"boolean"`;

exports[`isOfType([types.WITH_TYPE_ONLY, types.WITH_PAYLOAD], payloadAction) 1`] = `"boolean"`;

exports[`isOfType([types.WITH_TYPE_ONLY, types.WITH_PAYLOAD], typeOnlyAction) 1`] = `"boolean"`;

exports[`isOfType([types.WITH_TYPE_ONLY])(payloadAction) 1`] = `"boolean"`;

exports[`isOfType([types.WITH_TYPE_ONLY])(typeOnlyAction) 1`] = `"boolean"`;

exports[`isOfType([types.WITH_TYPE_ONLY], payloadAction) 1`] = `"boolean"`;

exports[`isOfType([types.WITH_TYPE_ONLY], typeOnlyAction) 1`] = `"boolean"`;

exports[`isOfType(types.WITH_TYPE_ONLY)(payloadAction) 1`] = `"boolean"`;

exports[`isOfType(types.WITH_TYPE_ONLY)(typeOnlyAction) 1`] = `"boolean"`;

exports[`isOfType(types.WITH_TYPE_ONLY, payloadAction) 1`] = `"boolean"`;

exports[`isOfType(types.WITH_TYPE_ONLY, typeOnlyAction) 1`] = `"boolean"`;
