// Jest Snapshot v1, https://goo.gl/fbAQLP

exports[`ActionType getTypeReducer(asyncActionRequest) (type) should match snapshot 1`] = `"TH.EmptyAction<\\"WITH_TYPE_ONLY\\"> | { type: \\"VERY_DEEP_WITH_TYPE_ONLY\\"; } | TH.PayloadAction<\\"WITH_PAYLOAD\\", number> | TH.PayloadAction<\\"WITH_OPTIONAL_PAYLOAD\\", number | undefined> | TH.PayloadMetaAction<\\"WITH_PAYLOAD_META\\", number, string> | TH.PayloadAction<\\"WITH_MAPPED_PAYLOAD\\", number> | TH.PayloadMetaAction<\\"WITH_MAPPED_PAYLOAD_META\\", number, string> | TH.EmptyAction<\\"FETCH_USER_REQUEST\\"> | TH.PayloadAction<\\"FETCH_USER_SUCCESS\\", { firstName: string; lastName: string; }> | TH.PayloadAction<\\"FETCH_USER_FAILURE\\", Error> | undefined"`;

exports[`ActionType getTypeReducer(emptyAction) (type) should match snapshot 1`] = `"TH.EmptyAction<\\"WITH_TYPE_ONLY\\"> | { type: \\"VERY_DEEP_WITH_TYPE_ONLY\\"; } | TH.PayloadAction<\\"WITH_PAYLOAD\\", number> | TH.PayloadAction<\\"WITH_OPTIONAL_PAYLOAD\\", number | undefined> | TH.PayloadMetaAction<\\"WITH_PAYLOAD_META\\", number, string> | TH.PayloadAction<\\"WITH_MAPPED_PAYLOAD\\", number> | TH.PayloadMetaAction<\\"WITH_MAPPED_PAYLOAD_META\\", number, string> | TH.EmptyAction<\\"FETCH_USER_REQUEST\\"> | TH.PayloadAction<\\"FETCH_USER_SUCCESS\\", { firstName: string; lastName: string; }> | TH.PayloadAction<\\"FETCH_USER_FAILURE\\", Error> | undefined"`;

exports[`ActionType getTypeReducer(mappedPayloadAction) (type) should match snapshot 1`] = `"TH.EmptyAction<\\"WITH_TYPE_ONLY\\"> | { type: \\"VERY_DEEP_WITH_TYPE_ONLY\\"; } | TH.PayloadAction<\\"WITH_PAYLOAD\\", number> | TH.PayloadAction<\\"WITH_OPTIONAL_PAYLOAD\\", number | undefined> | TH.PayloadMetaAction<\\"WITH_PAYLOAD_META\\", number, string> | TH.PayloadAction<\\"WITH_MAPPED_PAYLOAD\\", number> | TH.PayloadMetaAction<\\"WITH_MAPPED_PAYLOAD_META\\", number, string> | TH.EmptyAction<\\"FETCH_USER_REQUEST\\"> | TH.PayloadAction<\\"FETCH_USER_SUCCESS\\", { firstName: string; lastName: string; }> | TH.PayloadAction<\\"FETCH_USER_FAILURE\\", Error> | undefined"`;

exports[`ActionType getTypeReducer(mappedPayloadMetaAction) (type) should match snapshot 1`] = `"TH.EmptyAction<\\"WITH_TYPE_ONLY\\"> | { type: \\"VERY_DEEP_WITH_TYPE_ONLY\\"; } | TH.PayloadAction<\\"WITH_PAYLOAD\\", number> | TH.PayloadAction<\\"WITH_OPTIONAL_PAYLOAD\\", number | undefined> | TH.PayloadMetaAction<\\"WITH_PAYLOAD_META\\", number, string> | TH.PayloadAction<\\"WITH_MAPPED_PAYLOAD\\", number> | TH.PayloadMetaAction<\\"WITH_MAPPED_PAYLOAD_META\\", number, string> | TH.EmptyAction<\\"FETCH_USER_REQUEST\\"> | TH.PayloadAction<\\"FETCH_USER_SUCCESS\\", { firstName: string; lastName: string; }> | TH.PayloadAction<\\"FETCH_USER_FAILURE\\", Error> | undefined"`;

exports[`ActionType getTypeReducer(payloadAction) (type) should match snapshot 1`] = `"TH.EmptyAction<\\"WITH_TYPE_ONLY\\"> | { type: \\"VERY_DEEP_WITH_TYPE_ONLY\\"; } | TH.PayloadAction<\\"WITH_PAYLOAD\\", number> | TH.PayloadAction<\\"WITH_OPTIONAL_PAYLOAD\\", number | undefined> | TH.PayloadMetaAction<\\"WITH_PAYLOAD_META\\", number, string> | TH.PayloadAction<\\"WITH_MAPPED_PAYLOAD\\", number> | TH.PayloadMetaAction<\\"WITH_MAPPED_PAYLOAD_META\\", number, string> | TH.EmptyAction<\\"FETCH_USER_REQUEST\\"> | TH.PayloadAction<\\"FETCH_USER_SUCCESS\\", { firstName: string; lastName: string; }> | TH.PayloadAction<\\"FETCH_USER_FAILURE\\", Error> | undefined"`;

exports[`ActionType getTypeReducer(payloadMetaAction) (type) should match snapshot 1`] = `"TH.EmptyAction<\\"WITH_TYPE_ONLY\\"> | { type: \\"VERY_DEEP_WITH_TYPE_ONLY\\"; } | TH.PayloadAction<\\"WITH_PAYLOAD\\", number> | TH.PayloadAction<\\"WITH_OPTIONAL_PAYLOAD\\", number | undefined> | TH.PayloadMetaAction<\\"WITH_PAYLOAD_META\\", number, string> | TH.PayloadAction<\\"WITH_MAPPED_PAYLOAD\\", number> | TH.PayloadMetaAction<\\"WITH_MAPPED_PAYLOAD_META\\", number, string> | TH.EmptyAction<\\"FETCH_USER_REQUEST\\"> | TH.PayloadAction<\\"FETCH_USER_SUCCESS\\", { firstName: string; lastName: string; }> | TH.PayloadAction<\\"FETCH_USER_FAILURE\\", Error> | undefined"`;

exports[`ActionType isActionOfArrayReducer(asyncActionRequest) (type) should match snapshot 1`] = `"TH.EmptyAction<\\"WITH_TYPE_ONLY\\"> | { type: \\"VERY_DEEP_WITH_TYPE_ONLY\\"; } | TH.PayloadAction<\\"WITH_PAYLOAD\\", number> | TH.PayloadAction<\\"WITH_OPTIONAL_PAYLOAD\\", number | undefined> | TH.PayloadMetaAction<\\"WITH_PAYLOAD_META\\", number, string> | TH.PayloadAction<\\"WITH_MAPPED_PAYLOAD\\", number> | TH.PayloadMetaAction<\\"WITH_MAPPED_PAYLOAD_META\\", number, string> | TH.EmptyAction<\\"FETCH_USER_REQUEST\\"> | TH.PayloadAction<\\"FETCH_USER_SUCCESS\\", { firstName: string; lastName: string; }> | TH.PayloadAction<\\"FETCH_USER_FAILURE\\", Error> | undefined"`;

exports[`ActionType isActionOfArrayReducer(emptyAction) (type) should match snapshot 1`] = `"TH.EmptyAction<\\"WITH_TYPE_ONLY\\"> | { type: \\"VERY_DEEP_WITH_TYPE_ONLY\\"; } | TH.PayloadAction<\\"WITH_PAYLOAD\\", number> | TH.PayloadAction<\\"WITH_OPTIONAL_PAYLOAD\\", number | undefined> | TH.PayloadMetaAction<\\"WITH_PAYLOAD_META\\", number, string> | TH.PayloadAction<\\"WITH_MAPPED_PAYLOAD\\", number> | TH.PayloadMetaAction<\\"WITH_MAPPED_PAYLOAD_META\\", number, string> | TH.EmptyAction<\\"FETCH_USER_REQUEST\\"> | TH.PayloadAction<\\"FETCH_USER_SUCCESS\\", { firstName: string; lastName: string; }> | TH.PayloadAction<\\"FETCH_USER_FAILURE\\", Error> | undefined"`;

exports[`ActionType isActionOfArrayReducer(mappedPayloadAction) (type) should match snapshot 1`] = `"TH.EmptyAction<\\"WITH_TYPE_ONLY\\"> | { type: \\"VERY_DEEP_WITH_TYPE_ONLY\\"; } | TH.PayloadAction<\\"WITH_PAYLOAD\\", number> | TH.PayloadAction<\\"WITH_OPTIONAL_PAYLOAD\\", number | undefined> | TH.PayloadMetaAction<\\"WITH_PAYLOAD_META\\", number, string> | TH.PayloadAction<\\"WITH_MAPPED_PAYLOAD\\", number> | TH.PayloadMetaAction<\\"WITH_MAPPED_PAYLOAD_META\\", number, string> | TH.EmptyAction<\\"FETCH_USER_REQUEST\\"> | TH.PayloadAction<\\"FETCH_USER_SUCCESS\\", { firstName: string; lastName: string; }> | TH.PayloadAction<\\"FETCH_USER_FAILURE\\", Error> | undefined"`;

exports[`ActionType isActionOfArrayReducer(mappedPayloadMetaAction) (type) should match snapshot 1`] = `"TH.EmptyAction<\\"WITH_TYPE_ONLY\\"> | { type: \\"VERY_DEEP_WITH_TYPE_ONLY\\"; } | TH.PayloadAction<\\"WITH_PAYLOAD\\", number> | TH.PayloadAction<\\"WITH_OPTIONAL_PAYLOAD\\", number | undefined> | TH.PayloadMetaAction<\\"WITH_PAYLOAD_META\\", number, string> | TH.PayloadAction<\\"WITH_MAPPED_PAYLOAD\\", number> | TH.PayloadMetaAction<\\"WITH_MAPPED_PAYLOAD_META\\", number, string> | TH.EmptyAction<\\"FETCH_USER_REQUEST\\"> | TH.PayloadAction<\\"FETCH_USER_SUCCESS\\", { firstName: string; lastName: string; }> | TH.PayloadAction<\\"FETCH_USER_FAILURE\\", Error> | undefined"`;

exports[`ActionType isActionOfArrayReducer(payloadAction) (type) should match snapshot 1`] = `"TH.EmptyAction<\\"WITH_TYPE_ONLY\\"> | { type: \\"VERY_DEEP_WITH_TYPE_ONLY\\"; } | TH.PayloadAction<\\"WITH_PAYLOAD\\", number> | TH.PayloadAction<\\"WITH_OPTIONAL_PAYLOAD\\", number | undefined> | TH.PayloadMetaAction<\\"WITH_PAYLOAD_META\\", number, string> | TH.PayloadAction<\\"WITH_MAPPED_PAYLOAD\\", number> | TH.PayloadMetaAction<\\"WITH_MAPPED_PAYLOAD_META\\", number, string> | TH.EmptyAction<\\"FETCH_USER_REQUEST\\"> | TH.PayloadAction<\\"FETCH_USER_SUCCESS\\", { firstName: string; lastName: string; }> | TH.PayloadAction<\\"FETCH_USER_FAILURE\\", Error> | undefined"`;

exports[`ActionType isActionOfArrayReducer(payloadMetaAction) (type) should match snapshot 1`] = `"TH.EmptyAction<\\"WITH_TYPE_ONLY\\"> | { type: \\"VERY_DEEP_WITH_TYPE_ONLY\\"; } | TH.PayloadAction<\\"WITH_PAYLOAD\\", number> | TH.PayloadAction<\\"WITH_OPTIONAL_PAYLOAD\\", number | undefined> | TH.PayloadMetaAction<\\"WITH_PAYLOAD_META\\", number, string> | TH.PayloadAction<\\"WITH_MAPPED_PAYLOAD\\", number> | TH.PayloadMetaAction<\\"WITH_MAPPED_PAYLOAD_META\\", number, string> | TH.EmptyAction<\\"FETCH_USER_REQUEST\\"> | TH.PayloadAction<\\"FETCH_USER_SUCCESS\\", { firstName: string; lastName: string; }> | TH.PayloadAction<\\"FETCH_USER_FAILURE\\", Error> | undefined"`;

exports[`ActionType isActionOfCurriedReducer(asyncActionRequest) (type) should match snapshot 1`] = `"TH.EmptyAction<\\"WITH_TYPE_ONLY\\"> | { type: \\"VERY_DEEP_WITH_TYPE_ONLY\\"; } | TH.PayloadAction<\\"WITH_PAYLOAD\\", number> | TH.PayloadAction<\\"WITH_OPTIONAL_PAYLOAD\\", number | undefined> | TH.PayloadMetaAction<\\"WITH_PAYLOAD_META\\", number, string> | TH.PayloadAction<\\"WITH_MAPPED_PAYLOAD\\", number> | TH.PayloadMetaAction<\\"WITH_MAPPED_PAYLOAD_META\\", number, string> | TH.EmptyAction<\\"FETCH_USER_REQUEST\\"> | TH.PayloadAction<\\"FETCH_USER_SUCCESS\\", { firstName: string; lastName: string; }> | TH.PayloadAction<\\"FETCH_USER_FAILURE\\", Error> | undefined"`;

exports[`ActionType isActionOfCurriedReducer(emptyAction) (type) should match snapshot 1`] = `"TH.EmptyAction<\\"WITH_TYPE_ONLY\\"> | { type: \\"VERY_DEEP_WITH_TYPE_ONLY\\"; } | TH.PayloadAction<\\"WITH_PAYLOAD\\", number> | TH.PayloadAction<\\"WITH_OPTIONAL_PAYLOAD\\", number | undefined> | TH.PayloadMetaAction<\\"WITH_PAYLOAD_META\\", number, string> | TH.PayloadAction<\\"WITH_MAPPED_PAYLOAD\\", number> | TH.PayloadMetaAction<\\"WITH_MAPPED_PAYLOAD_META\\", number, string> | TH.EmptyAction<\\"FETCH_USER_REQUEST\\"> | TH.PayloadAction<\\"FETCH_USER_SUCCESS\\", { firstName: string; lastName: string; }> | TH.PayloadAction<\\"FETCH_USER_FAILURE\\", Error> | undefined"`;

exports[`ActionType isActionOfCurriedReducer(mappedPayloadAction) (type) should match snapshot 1`] = `"TH.EmptyAction<\\"WITH_TYPE_ONLY\\"> | { type: \\"VERY_DEEP_WITH_TYPE_ONLY\\"; } | TH.PayloadAction<\\"WITH_PAYLOAD\\", number> | TH.PayloadAction<\\"WITH_OPTIONAL_PAYLOAD\\", number | undefined> | TH.PayloadMetaAction<\\"WITH_PAYLOAD_META\\", number, string> | TH.PayloadAction<\\"WITH_MAPPED_PAYLOAD\\", number> | TH.PayloadMetaAction<\\"WITH_MAPPED_PAYLOAD_META\\", number, string> | TH.EmptyAction<\\"FETCH_USER_REQUEST\\"> | TH.PayloadAction<\\"FETCH_USER_SUCCESS\\", { firstName: string; lastName: string; }> | TH.PayloadAction<\\"FETCH_USER_FAILURE\\", Error> | undefined"`;

exports[`ActionType isActionOfCurriedReducer(mappedPayloadMetaAction) (type) should match snapshot 1`] = `"TH.EmptyAction<\\"WITH_TYPE_ONLY\\"> | { type: \\"VERY_DEEP_WITH_TYPE_ONLY\\"; } | TH.PayloadAction<\\"WITH_PAYLOAD\\", number> | TH.PayloadAction<\\"WITH_OPTIONAL_PAYLOAD\\", number | undefined> | TH.PayloadMetaAction<\\"WITH_PAYLOAD_META\\", number, string> | TH.PayloadAction<\\"WITH_MAPPED_PAYLOAD\\", number> | TH.PayloadMetaAction<\\"WITH_MAPPED_PAYLOAD_META\\", number, string> | TH.EmptyAction<\\"FETCH_USER_REQUEST\\"> | TH.PayloadAction<\\"FETCH_USER_SUCCESS\\", { firstName: string; lastName: string; }> | TH.PayloadAction<\\"FETCH_USER_FAILURE\\", Error> | undefined"`;

exports[`ActionType isActionOfCurriedReducer(payloadAction) (type) should match snapshot 1`] = `"TH.EmptyAction<\\"WITH_TYPE_ONLY\\"> | { type: \\"VERY_DEEP_WITH_TYPE_ONLY\\"; } | TH.PayloadAction<\\"WITH_PAYLOAD\\", number> | TH.PayloadAction<\\"WITH_OPTIONAL_PAYLOAD\\", number | undefined> | TH.PayloadMetaAction<\\"WITH_PAYLOAD_META\\", number, string> | TH.PayloadAction<\\"WITH_MAPPED_PAYLOAD\\", number> | TH.PayloadMetaAction<\\"WITH_MAPPED_PAYLOAD_META\\", number, string> | TH.EmptyAction<\\"FETCH_USER_REQUEST\\"> | TH.PayloadAction<\\"FETCH_USER_SUCCESS\\", { firstName: string; lastName: string; }> | TH.PayloadAction<\\"FETCH_USER_FAILURE\\", Error> | undefined"`;

exports[`ActionType isActionOfCurriedReducer(payloadMetaAction) (type) should match snapshot 1`] = `"TH.EmptyAction<\\"WITH_TYPE_ONLY\\"> | { type: \\"VERY_DEEP_WITH_TYPE_ONLY\\"; } | TH.PayloadAction<\\"WITH_PAYLOAD\\", number> | TH.PayloadAction<\\"WITH_OPTIONAL_PAYLOAD\\", number | undefined> | TH.PayloadMetaAction<\\"WITH_PAYLOAD_META\\", number, string> | TH.PayloadAction<\\"WITH_MAPPED_PAYLOAD\\", number> | TH.PayloadMetaAction<\\"WITH_MAPPED_PAYLOAD_META\\", number, string> | TH.EmptyAction<\\"FETCH_USER_REQUEST\\"> | TH.PayloadAction<\\"FETCH_USER_SUCCESS\\", { firstName: string; lastName: string; }> | TH.PayloadAction<\\"FETCH_USER_FAILURE\\", Error> | undefined"`;

exports[`ActionType isActionOfReducer(asyncActionRequest) (type) should match snapshot 1`] = `"TH.EmptyAction<\\"WITH_TYPE_ONLY\\"> | { type: \\"VERY_DEEP_WITH_TYPE_ONLY\\"; } | TH.PayloadAction<\\"WITH_PAYLOAD\\", number> | TH.PayloadAction<\\"WITH_OPTIONAL_PAYLOAD\\", number | undefined> | TH.PayloadMetaAction<\\"WITH_PAYLOAD_META\\", number, string> | TH.PayloadAction<\\"WITH_MAPPED_PAYLOAD\\", number> | TH.PayloadMetaAction<\\"WITH_MAPPED_PAYLOAD_META\\", number, string> | TH.EmptyAction<\\"FETCH_USER_REQUEST\\"> | TH.PayloadAction<\\"FETCH_USER_SUCCESS\\", { firstName: string; lastName: string; }> | TH.PayloadAction<\\"FETCH_USER_FAILURE\\", Error> | undefined"`;

exports[`ActionType isActionOfReducer(emptyAction) (type) should match snapshot 1`] = `"TH.EmptyAction<\\"WITH_TYPE_ONLY\\"> | { type: \\"VERY_DEEP_WITH_TYPE_ONLY\\"; } | TH.PayloadAction<\\"WITH_PAYLOAD\\", number> | TH.PayloadAction<\\"WITH_OPTIONAL_PAYLOAD\\", number | undefined> | TH.PayloadMetaAction<\\"WITH_PAYLOAD_META\\", number, string> | TH.PayloadAction<\\"WITH_MAPPED_PAYLOAD\\", number> | TH.PayloadMetaAction<\\"WITH_MAPPED_PAYLOAD_META\\", number, string> | TH.EmptyAction<\\"FETCH_USER_REQUEST\\"> | TH.PayloadAction<\\"FETCH_USER_SUCCESS\\", { firstName: string; lastName: string; }> | TH.PayloadAction<\\"FETCH_USER_FAILURE\\", Error> | undefined"`;

exports[`ActionType isActionOfReducer(mappedPayloadAction) (type) should match snapshot 1`] = `"TH.EmptyAction<\\"WITH_TYPE_ONLY\\"> | { type: \\"VERY_DEEP_WITH_TYPE_ONLY\\"; } | TH.PayloadAction<\\"WITH_PAYLOAD\\", number> | TH.PayloadAction<\\"WITH_OPTIONAL_PAYLOAD\\", number | undefined> | TH.PayloadMetaAction<\\"WITH_PAYLOAD_META\\", number, string> | TH.PayloadAction<\\"WITH_MAPPED_PAYLOAD\\", number> | TH.PayloadMetaAction<\\"WITH_MAPPED_PAYLOAD_META\\", number, string> | TH.EmptyAction<\\"FETCH_USER_REQUEST\\"> | TH.PayloadAction<\\"FETCH_USER_SUCCESS\\", { firstName: string; lastName: string; }> | TH.PayloadAction<\\"FETCH_USER_FAILURE\\", Error> | undefined"`;

exports[`ActionType isActionOfReducer(mappedPayloadMetaAction) (type) should match snapshot 1`] = `"TH.EmptyAction<\\"WITH_TYPE_ONLY\\"> | { type: \\"VERY_DEEP_WITH_TYPE_ONLY\\"; } | TH.PayloadAction<\\"WITH_PAYLOAD\\", number> | TH.PayloadAction<\\"WITH_OPTIONAL_PAYLOAD\\", number | undefined> | TH.PayloadMetaAction<\\"WITH_PAYLOAD_META\\", number, string> | TH.PayloadAction<\\"WITH_MAPPED_PAYLOAD\\", number> | TH.PayloadMetaAction<\\"WITH_MAPPED_PAYLOAD_META\\", number, string> | TH.EmptyAction<\\"FETCH_USER_REQUEST\\"> | TH.PayloadAction<\\"FETCH_USER_SUCCESS\\", { firstName: string; lastName: string; }> | TH.PayloadAction<\\"FETCH_USER_FAILURE\\", Error> | undefined"`;

exports[`ActionType isActionOfReducer(payloadAction) (type) should match snapshot 1`] = `"TH.EmptyAction<\\"WITH_TYPE_ONLY\\"> | { type: \\"VERY_DEEP_WITH_TYPE_ONLY\\"; } | TH.PayloadAction<\\"WITH_PAYLOAD\\", number> | TH.PayloadAction<\\"WITH_OPTIONAL_PAYLOAD\\", number | undefined> | TH.PayloadMetaAction<\\"WITH_PAYLOAD_META\\", number, string> | TH.PayloadAction<\\"WITH_MAPPED_PAYLOAD\\", number> | TH.PayloadMetaAction<\\"WITH_MAPPED_PAYLOAD_META\\", number, string> | TH.EmptyAction<\\"FETCH_USER_REQUEST\\"> | TH.PayloadAction<\\"FETCH_USER_SUCCESS\\", { firstName: string; lastName: string; }> | TH.PayloadAction<\\"FETCH_USER_FAILURE\\", Error> | undefined"`;

exports[`ActionType isActionOfReducer(payloadMetaAction) (type) should match snapshot 1`] = `"TH.EmptyAction<\\"WITH_TYPE_ONLY\\"> | { type: \\"VERY_DEEP_WITH_TYPE_ONLY\\"; } | TH.PayloadAction<\\"WITH_PAYLOAD\\", number> | TH.PayloadAction<\\"WITH_OPTIONAL_PAYLOAD\\", number | undefined> | TH.PayloadMetaAction<\\"WITH_PAYLOAD_META\\", number, string> | TH.PayloadAction<\\"WITH_MAPPED_PAYLOAD\\", number> | TH.PayloadMetaAction<\\"WITH_MAPPED_PAYLOAD_META\\", number, string> | TH.EmptyAction<\\"FETCH_USER_REQUEST\\"> | TH.PayloadAction<\\"FETCH_USER_SUCCESS\\", { firstName: string; lastName: string; }> | TH.PayloadAction<\\"FETCH_USER_FAILURE\\", Error> | undefined"`;

exports[`ActionType isOfTypeCurriedReducer(asyncActionRequest) (type) should match snapshot 1`] = `"TH.EmptyAction<\\"WITH_TYPE_ONLY\\"> | { type: \\"VERY_DEEP_WITH_TYPE_ONLY\\"; } | TH.PayloadAction<\\"WITH_PAYLOAD\\", number> | TH.PayloadAction<\\"WITH_OPTIONAL_PAYLOAD\\", number | undefined> | TH.PayloadMetaAction<\\"WITH_PAYLOAD_META\\", number, string> | TH.PayloadAction<\\"WITH_MAPPED_PAYLOAD\\", number> | TH.PayloadMetaAction<\\"WITH_MAPPED_PAYLOAD_META\\", number, string> | TH.EmptyAction<\\"FETCH_USER_REQUEST\\"> | TH.PayloadAction<\\"FETCH_USER_SUCCESS\\", { firstName: string; lastName: string; }> | TH.PayloadAction<\\"FETCH_USER_FAILURE\\", Error> | undefined"`;

exports[`ActionType isOfTypeCurriedReducer(emptyAction) (type) should match snapshot 1`] = `"TH.EmptyAction<\\"WITH_TYPE_ONLY\\"> | { type: \\"VERY_DEEP_WITH_TYPE_ONLY\\"; } | TH.PayloadAction<\\"WITH_PAYLOAD\\", number> | TH.PayloadAction<\\"WITH_OPTIONAL_PAYLOAD\\", number | undefined> | TH.PayloadMetaAction<\\"WITH_PAYLOAD_META\\", number, string> | TH.PayloadAction<\\"WITH_MAPPED_PAYLOAD\\", number> | TH.PayloadMetaAction<\\"WITH_MAPPED_PAYLOAD_META\\", number, string> | TH.EmptyAction<\\"FETCH_USER_REQUEST\\"> | TH.PayloadAction<\\"FETCH_USER_SUCCESS\\", { firstName: string; lastName: string; }> | TH.PayloadAction<\\"FETCH_USER_FAILURE\\", Error> | undefined"`;

exports[`ActionType isOfTypeCurriedReducer(mappedPayloadAction) (type) should match snapshot 1`] = `"TH.EmptyAction<\\"WITH_TYPE_ONLY\\"> | { type: \\"VERY_DEEP_WITH_TYPE_ONLY\\"; } | TH.PayloadAction<\\"WITH_PAYLOAD\\", number> | TH.PayloadAction<\\"WITH_OPTIONAL_PAYLOAD\\", number | undefined> | TH.PayloadMetaAction<\\"WITH_PAYLOAD_META\\", number, string> | TH.PayloadAction<\\"WITH_MAPPED_PAYLOAD\\", number> | TH.PayloadMetaAction<\\"WITH_MAPPED_PAYLOAD_META\\", number, string> | TH.EmptyAction<\\"FETCH_USER_REQUEST\\"> | TH.PayloadAction<\\"FETCH_USER_SUCCESS\\", { firstName: string; lastName: string; }> | TH.PayloadAction<\\"FETCH_USER_FAILURE\\", Error> | undefined"`;

exports[`ActionType isOfTypeCurriedReducer(mappedPayloadMetaAction) (type) should match snapshot 1`] = `"TH.EmptyAction<\\"WITH_TYPE_ONLY\\"> | { type: \\"VERY_DEEP_WITH_TYPE_ONLY\\"; } | TH.PayloadAction<\\"WITH_PAYLOAD\\", number> | TH.PayloadAction<\\"WITH_OPTIONAL_PAYLOAD\\", number | undefined> | TH.PayloadMetaAction<\\"WITH_PAYLOAD_META\\", number, string> | TH.PayloadAction<\\"WITH_MAPPED_PAYLOAD\\", number> | TH.PayloadMetaAction<\\"WITH_MAPPED_PAYLOAD_META\\", number, string> | TH.EmptyAction<\\"FETCH_USER_REQUEST\\"> | TH.PayloadAction<\\"FETCH_USER_SUCCESS\\", { firstName: string; lastName: string; }> | TH.PayloadAction<\\"FETCH_USER_FAILURE\\", Error> | undefined"`;

exports[`ActionType isOfTypeCurriedReducer(payloadAction) (type) should match snapshot 1`] = `"TH.EmptyAction<\\"WITH_TYPE_ONLY\\"> | { type: \\"VERY_DEEP_WITH_TYPE_ONLY\\"; } | TH.PayloadAction<\\"WITH_PAYLOAD\\", number> | TH.PayloadAction<\\"WITH_OPTIONAL_PAYLOAD\\", number | undefined> | TH.PayloadMetaAction<\\"WITH_PAYLOAD_META\\", number, string> | TH.PayloadAction<\\"WITH_MAPPED_PAYLOAD\\", number> | TH.PayloadMetaAction<\\"WITH_MAPPED_PAYLOAD_META\\", number, string> | TH.EmptyAction<\\"FETCH_USER_REQUEST\\"> | TH.PayloadAction<\\"FETCH_USER_SUCCESS\\", { firstName: string; lastName: string; }> | TH.PayloadAction<\\"FETCH_USER_FAILURE\\", Error> | undefined"`;

exports[`ActionType isOfTypeCurriedReducer(payloadMetaAction) (type) should match snapshot 1`] = `"TH.EmptyAction<\\"WITH_TYPE_ONLY\\"> | { type: \\"VERY_DEEP_WITH_TYPE_ONLY\\"; } | TH.PayloadAction<\\"WITH_PAYLOAD\\", number> | TH.PayloadAction<\\"WITH_OPTIONAL_PAYLOAD\\", number | undefined> | TH.PayloadMetaAction<\\"WITH_PAYLOAD_META\\", number, string> | TH.PayloadAction<\\"WITH_MAPPED_PAYLOAD\\", number> | TH.PayloadMetaAction<\\"WITH_MAPPED_PAYLOAD_META\\", number, string> | TH.EmptyAction<\\"FETCH_USER_REQUEST\\"> | TH.PayloadAction<\\"FETCH_USER_SUCCESS\\", { firstName: string; lastName: string; }> | TH.PayloadAction<\\"FETCH_USER_FAILURE\\", Error> | undefined"`;

exports[`ActionType isOfTypeReducer(asyncActionRequest) (type) should match snapshot 1`] = `"TH.EmptyAction<\\"WITH_TYPE_ONLY\\"> | { type: \\"VERY_DEEP_WITH_TYPE_ONLY\\"; } | TH.PayloadAction<\\"WITH_PAYLOAD\\", number> | TH.PayloadAction<\\"WITH_OPTIONAL_PAYLOAD\\", number | undefined> | TH.PayloadMetaAction<\\"WITH_PAYLOAD_META\\", number, string> | TH.PayloadAction<\\"WITH_MAPPED_PAYLOAD\\", number> | TH.PayloadMetaAction<\\"WITH_MAPPED_PAYLOAD_META\\", number, string> | TH.EmptyAction<\\"FETCH_USER_REQUEST\\"> | TH.PayloadAction<\\"FETCH_USER_SUCCESS\\", { firstName: string; lastName: string; }> | TH.PayloadAction<\\"FETCH_USER_FAILURE\\", Error> | undefined"`;

exports[`ActionType isOfTypeReducer(emptyAction) (type) should match snapshot 1`] = `"TH.EmptyAction<\\"WITH_TYPE_ONLY\\"> | { type: \\"VERY_DEEP_WITH_TYPE_ONLY\\"; } | TH.PayloadAction<\\"WITH_PAYLOAD\\", number> | TH.PayloadAction<\\"WITH_OPTIONAL_PAYLOAD\\", number | undefined> | TH.PayloadMetaAction<\\"WITH_PAYLOAD_META\\", number, string> | TH.PayloadAction<\\"WITH_MAPPED_PAYLOAD\\", number> | TH.PayloadMetaAction<\\"WITH_MAPPED_PAYLOAD_META\\", number, string> | TH.EmptyAction<\\"FETCH_USER_REQUEST\\"> | TH.PayloadAction<\\"FETCH_USER_SUCCESS\\", { firstName: string; lastName: string; }> | TH.PayloadAction<\\"FETCH_USER_FAILURE\\", Error> | undefined"`;

exports[`ActionType isOfTypeReducer(mappedPayloadAction) (type) should match snapshot 1`] = `"TH.EmptyAction<\\"WITH_TYPE_ONLY\\"> | { type: \\"VERY_DEEP_WITH_TYPE_ONLY\\"; } | TH.PayloadAction<\\"WITH_PAYLOAD\\", number> | TH.PayloadAction<\\"WITH_OPTIONAL_PAYLOAD\\", number | undefined> | TH.PayloadMetaAction<\\"WITH_PAYLOAD_META\\", number, string> | TH.PayloadAction<\\"WITH_MAPPED_PAYLOAD\\", number> | TH.PayloadMetaAction<\\"WITH_MAPPED_PAYLOAD_META\\", number, string> | TH.EmptyAction<\\"FETCH_USER_REQUEST\\"> | TH.PayloadAction<\\"FETCH_USER_SUCCESS\\", { firstName: string; lastName: string; }> | TH.PayloadAction<\\"FETCH_USER_FAILURE\\", Error> | undefined"`;

exports[`ActionType isOfTypeReducer(mappedPayloadMetaAction) (type) should match snapshot 1`] = `"TH.EmptyAction<\\"WITH_TYPE_ONLY\\"> | { type: \\"VERY_DEEP_WITH_TYPE_ONLY\\"; } | TH.PayloadAction<\\"WITH_PAYLOAD\\", number> | TH.PayloadAction<\\"WITH_OPTIONAL_PAYLOAD\\", number | undefined> | TH.PayloadMetaAction<\\"WITH_PAYLOAD_META\\", number, string> | TH.PayloadAction<\\"WITH_MAPPED_PAYLOAD\\", number> | TH.PayloadMetaAction<\\"WITH_MAPPED_PAYLOAD_META\\", number, string> | TH.EmptyAction<\\"FETCH_USER_REQUEST\\"> | TH.PayloadAction<\\"FETCH_USER_SUCCESS\\", { firstName: string; lastName: string; }> | TH.PayloadAction<\\"FETCH_USER_FAILURE\\", Error> | undefined"`;

exports[`ActionType isOfTypeReducer(payloadAction) (type) should match snapshot 1`] = `"TH.EmptyAction<\\"WITH_TYPE_ONLY\\"> | { type: \\"VERY_DEEP_WITH_TYPE_ONLY\\"; } | TH.PayloadAction<\\"WITH_PAYLOAD\\", number> | TH.PayloadAction<\\"WITH_OPTIONAL_PAYLOAD\\", number | undefined> | TH.PayloadMetaAction<\\"WITH_PAYLOAD_META\\", number, string> | TH.PayloadAction<\\"WITH_MAPPED_PAYLOAD\\", number> | TH.PayloadMetaAction<\\"WITH_MAPPED_PAYLOAD_META\\", number, string> | TH.EmptyAction<\\"FETCH_USER_REQUEST\\"> | TH.PayloadAction<\\"FETCH_USER_SUCCESS\\", { firstName: string; lastName: string; }> | TH.PayloadAction<\\"FETCH_USER_FAILURE\\", Error> | undefined"`;

exports[`ActionType isOfTypeReducer(payloadMetaAction) (type) should match snapshot 1`] = `"TH.EmptyAction<\\"WITH_TYPE_ONLY\\"> | { type: \\"VERY_DEEP_WITH_TYPE_ONLY\\"; } | TH.PayloadAction<\\"WITH_PAYLOAD\\", number> | TH.PayloadAction<\\"WITH_OPTIONAL_PAYLOAD\\", number | undefined> | TH.PayloadMetaAction<\\"WITH_PAYLOAD_META\\", number, string> | TH.PayloadAction<\\"WITH_MAPPED_PAYLOAD\\", number> | TH.PayloadMetaAction<\\"WITH_MAPPED_PAYLOAD_META\\", number, string> | TH.EmptyAction<\\"FETCH_USER_REQUEST\\"> | TH.PayloadAction<\\"FETCH_USER_SUCCESS\\", { firstName: string; lastName: string; }> | TH.PayloadAction<\\"FETCH_USER_FAILURE\\", Error> | undefined"`;

exports[`ActionType testType<ActionType<typeof actions>>() (type) should match snapshot 1`] = `"TH.EmptyAction<\\"WITH_TYPE_ONLY\\"> | { type: \\"VERY_DEEP_WITH_TYPE_ONLY\\"; } | TH.PayloadAction<\\"WITH_PAYLOAD\\", number> | TH.PayloadAction<\\"WITH_OPTIONAL_PAYLOAD\\", number | undefined> | TH.PayloadMetaAction<\\"WITH_PAYLOAD_META\\", number, string> | TH.PayloadAction<\\"WITH_MAPPED_PAYLOAD\\", number> | TH.PayloadMetaAction<\\"WITH_MAPPED_PAYLOAD_META\\", number, string> | TH.EmptyAction<\\"FETCH_USER_REQUEST\\"> | TH.PayloadAction<\\"FETCH_USER_SUCCESS\\", { firstName: string; lastName: string; }> | TH.PayloadAction<\\"FETCH_USER_FAILURE\\", Error>"`;

exports[`StateType reducer(undefined, withTypeOnly()) (type) should match snapshot 1`] = `"boolean"`;

exports[`StateType testType<StateType<typeof reducer>>() (type) should match snapshot 1`] = `"boolean"`;
