// Jest Snapshot v1, https://goo.gl/fbAQLP

exports[`ActionType action-helpers - createStandardAction should return action with async action getTypeReducer(actual) (type) should match snapshot 1`] = `"{ type: \\"VERY_DEEP_WITH_TYPE_ONLY\\"; } | T.EmptyAction<\\"WITH_TYPE_ONLY\\"> | T.PayloadAction<\\"WITH_PAYLOAD\\", number> | T.PayloadAction<\\"WITH_OPTIONAL_PAYLOAD\\", number | undefined> | T.PayloadMetaAction<\\"WITH_META\\", undefined, string> | T.PayloadMetaAction<\\"WITH_PAYLOAD_META\\", number, string> | ({ type: \\"WITH_MAPPED_PAYLOAD\\"; } & { payload: number; }) | ({ type: \\"WITH_MAPPED_META\\"; } & { meta: string; }) | ({ type: \\"WITH_MAPPED_PAYLOAD_META\\"; } & { payload: number; meta: string; }) | T.EmptyAction<\\"FETCH_USER_REQUEST\\"> | T.PayloadAction<\\"FETCH_USER_SUCCESS\\", { firstName: string; lastName: string; }> | T.PayloadAction<\\"FETCH_USER_FAILURE\\", Error> | undefined"`;

exports[`ActionType action-helpers - createStandardAction should return action with async action isActionOfArrayReducer(actual) (type) should match snapshot 1`] = `"{ type: \\"VERY_DEEP_WITH_TYPE_ONLY\\"; } | T.EmptyAction<\\"WITH_TYPE_ONLY\\"> | T.PayloadAction<\\"WITH_PAYLOAD\\", number> | T.PayloadAction<\\"WITH_OPTIONAL_PAYLOAD\\", number | undefined> | T.PayloadMetaAction<\\"WITH_META\\", undefined, string> | T.PayloadMetaAction<\\"WITH_PAYLOAD_META\\", number, string> | ({ type: \\"WITH_MAPPED_PAYLOAD\\"; } & { payload: number; }) | ({ type: \\"WITH_MAPPED_META\\"; } & { meta: string; }) | ({ type: \\"WITH_MAPPED_PAYLOAD_META\\"; } & { payload: number; meta: string; }) | T.EmptyAction<\\"FETCH_USER_REQUEST\\"> | T.PayloadAction<\\"FETCH_USER_SUCCESS\\", { firstName: string; lastName: string; }> | T.PayloadAction<\\"FETCH_USER_FAILURE\\", Error> | undefined"`;

exports[`ActionType action-helpers - createStandardAction should return action with async action isActionOfCurriedReducer(actual) (type) should match snapshot 1`] = `"{ type: \\"VERY_DEEP_WITH_TYPE_ONLY\\"; } | T.EmptyAction<\\"WITH_TYPE_ONLY\\"> | T.PayloadAction<\\"WITH_PAYLOAD\\", number> | T.PayloadAction<\\"WITH_OPTIONAL_PAYLOAD\\", number | undefined> | T.PayloadMetaAction<\\"WITH_META\\", undefined, string> | T.PayloadMetaAction<\\"WITH_PAYLOAD_META\\", number, string> | ({ type: \\"WITH_MAPPED_PAYLOAD\\"; } & { payload: number; }) | ({ type: \\"WITH_MAPPED_META\\"; } & { meta: string; }) | ({ type: \\"WITH_MAPPED_PAYLOAD_META\\"; } & { payload: number; meta: string; }) | T.EmptyAction<\\"FETCH_USER_REQUEST\\"> | T.PayloadAction<\\"FETCH_USER_SUCCESS\\", { firstName: string; lastName: string; }> | T.PayloadAction<\\"FETCH_USER_FAILURE\\", Error> | undefined"`;

exports[`ActionType action-helpers - createStandardAction should return action with async action isActionOfReducer(actual) (type) should match snapshot 1`] = `"{ type: \\"VERY_DEEP_WITH_TYPE_ONLY\\"; } | T.EmptyAction<\\"WITH_TYPE_ONLY\\"> | T.PayloadAction<\\"WITH_PAYLOAD\\", number> | T.PayloadAction<\\"WITH_OPTIONAL_PAYLOAD\\", number | undefined> | T.PayloadMetaAction<\\"WITH_META\\", undefined, string> | T.PayloadMetaAction<\\"WITH_PAYLOAD_META\\", number, string> | ({ type: \\"WITH_MAPPED_PAYLOAD\\"; } & { payload: number; }) | ({ type: \\"WITH_MAPPED_META\\"; } & { meta: string; }) | ({ type: \\"WITH_MAPPED_PAYLOAD_META\\"; } & { payload: number; meta: string; }) | T.EmptyAction<\\"FETCH_USER_REQUEST\\"> | T.PayloadAction<\\"FETCH_USER_SUCCESS\\", { firstName: string; lastName: string; }> | T.PayloadAction<\\"FETCH_USER_FAILURE\\", Error> | undefined"`;

exports[`ActionType action-helpers - createStandardAction should return action with async action isOfTypeCurriedReducer(actual) (type) should match snapshot 1`] = `"{ type: \\"VERY_DEEP_WITH_TYPE_ONLY\\"; } | T.EmptyAction<\\"WITH_TYPE_ONLY\\"> | T.PayloadAction<\\"WITH_PAYLOAD\\", number> | T.PayloadAction<\\"WITH_OPTIONAL_PAYLOAD\\", number | undefined> | T.PayloadMetaAction<\\"WITH_META\\", undefined, string> | T.PayloadMetaAction<\\"WITH_PAYLOAD_META\\", number, string> | ({ type: \\"WITH_MAPPED_PAYLOAD\\"; } & { payload: number; }) | ({ type: \\"WITH_MAPPED_META\\"; } & { meta: string; }) | ({ type: \\"WITH_MAPPED_PAYLOAD_META\\"; } & { payload: number; meta: string; }) | T.EmptyAction<\\"FETCH_USER_REQUEST\\"> | T.PayloadAction<\\"FETCH_USER_SUCCESS\\", { firstName: string; lastName: string; }> | T.PayloadAction<\\"FETCH_USER_FAILURE\\", Error> | undefined"`;

exports[`ActionType action-helpers - createStandardAction should return action with async action isOfTypeReducer(actual) (type) should match snapshot 1`] = `"{ type: \\"VERY_DEEP_WITH_TYPE_ONLY\\"; } | T.EmptyAction<\\"WITH_TYPE_ONLY\\"> | T.PayloadAction<\\"WITH_PAYLOAD\\", number> | T.PayloadAction<\\"WITH_OPTIONAL_PAYLOAD\\", number | undefined> | T.PayloadMetaAction<\\"WITH_META\\", undefined, string> | T.PayloadMetaAction<\\"WITH_PAYLOAD_META\\", number, string> | ({ type: \\"WITH_MAPPED_PAYLOAD\\"; } & { payload: number; }) | ({ type: \\"WITH_MAPPED_META\\"; } & { meta: string; }) | ({ type: \\"WITH_MAPPED_PAYLOAD_META\\"; } & { payload: number; meta: string; }) | T.EmptyAction<\\"FETCH_USER_REQUEST\\"> | T.PayloadAction<\\"FETCH_USER_SUCCESS\\", { firstName: string; lastName: string; }> | T.PayloadAction<\\"FETCH_USER_FAILURE\\", Error> | undefined"`;

exports[`ActionType action-helpers - createStandardAction should return action with mapped payload and meta getTypeReducer(actual) (type) should match snapshot 1`] = `"{ type: \\"VERY_DEEP_WITH_TYPE_ONLY\\"; } | T.EmptyAction<\\"WITH_TYPE_ONLY\\"> | T.PayloadAction<\\"WITH_PAYLOAD\\", number> | T.PayloadAction<\\"WITH_OPTIONAL_PAYLOAD\\", number | undefined> | T.PayloadMetaAction<\\"WITH_META\\", undefined, string> | T.PayloadMetaAction<\\"WITH_PAYLOAD_META\\", number, string> | ({ type: \\"WITH_MAPPED_PAYLOAD\\"; } & { payload: number; }) | ({ type: \\"WITH_MAPPED_META\\"; } & { meta: string; }) | ({ type: \\"WITH_MAPPED_PAYLOAD_META\\"; } & { payload: number; meta: string; }) | T.EmptyAction<\\"FETCH_USER_REQUEST\\"> | T.PayloadAction<\\"FETCH_USER_SUCCESS\\", { firstName: string; lastName: string; }> | T.PayloadAction<\\"FETCH_USER_FAILURE\\", Error> | undefined"`;

exports[`ActionType action-helpers - createStandardAction should return action with mapped payload and meta isActionOfArrayReducer(actual) (type) should match snapshot 1`] = `"{ type: \\"VERY_DEEP_WITH_TYPE_ONLY\\"; } | T.EmptyAction<\\"WITH_TYPE_ONLY\\"> | T.PayloadAction<\\"WITH_PAYLOAD\\", number> | T.PayloadAction<\\"WITH_OPTIONAL_PAYLOAD\\", number | undefined> | T.PayloadMetaAction<\\"WITH_META\\", undefined, string> | T.PayloadMetaAction<\\"WITH_PAYLOAD_META\\", number, string> | ({ type: \\"WITH_MAPPED_PAYLOAD\\"; } & { payload: number; }) | ({ type: \\"WITH_MAPPED_META\\"; } & { meta: string; }) | ({ type: \\"WITH_MAPPED_PAYLOAD_META\\"; } & { payload: number; meta: string; }) | T.EmptyAction<\\"FETCH_USER_REQUEST\\"> | T.PayloadAction<\\"FETCH_USER_SUCCESS\\", { firstName: string; lastName: string; }> | T.PayloadAction<\\"FETCH_USER_FAILURE\\", Error> | undefined"`;

exports[`ActionType action-helpers - createStandardAction should return action with mapped payload and meta isActionOfCurriedReducer(actual) (type) should match snapshot 1`] = `"{ type: \\"VERY_DEEP_WITH_TYPE_ONLY\\"; } | T.EmptyAction<\\"WITH_TYPE_ONLY\\"> | T.PayloadAction<\\"WITH_PAYLOAD\\", number> | T.PayloadAction<\\"WITH_OPTIONAL_PAYLOAD\\", number | undefined> | T.PayloadMetaAction<\\"WITH_META\\", undefined, string> | T.PayloadMetaAction<\\"WITH_PAYLOAD_META\\", number, string> | ({ type: \\"WITH_MAPPED_PAYLOAD\\"; } & { payload: number; }) | ({ type: \\"WITH_MAPPED_META\\"; } & { meta: string; }) | ({ type: \\"WITH_MAPPED_PAYLOAD_META\\"; } & { payload: number; meta: string; }) | T.EmptyAction<\\"FETCH_USER_REQUEST\\"> | T.PayloadAction<\\"FETCH_USER_SUCCESS\\", { firstName: string; lastName: string; }> | T.PayloadAction<\\"FETCH_USER_FAILURE\\", Error> | undefined"`;

exports[`ActionType action-helpers - createStandardAction should return action with mapped payload and meta isActionOfReducer(actual) (type) should match snapshot 1`] = `"{ type: \\"VERY_DEEP_WITH_TYPE_ONLY\\"; } | T.EmptyAction<\\"WITH_TYPE_ONLY\\"> | T.PayloadAction<\\"WITH_PAYLOAD\\", number> | T.PayloadAction<\\"WITH_OPTIONAL_PAYLOAD\\", number | undefined> | T.PayloadMetaAction<\\"WITH_META\\", undefined, string> | T.PayloadMetaAction<\\"WITH_PAYLOAD_META\\", number, string> | ({ type: \\"WITH_MAPPED_PAYLOAD\\"; } & { payload: number; }) | ({ type: \\"WITH_MAPPED_META\\"; } & { meta: string; }) | ({ type: \\"WITH_MAPPED_PAYLOAD_META\\"; } & { payload: number; meta: string; }) | T.EmptyAction<\\"FETCH_USER_REQUEST\\"> | T.PayloadAction<\\"FETCH_USER_SUCCESS\\", { firstName: string; lastName: string; }> | T.PayloadAction<\\"FETCH_USER_FAILURE\\", Error> | undefined"`;

exports[`ActionType action-helpers - createStandardAction should return action with mapped payload and meta isOfTypeCurriedReducer(actual) (type) should match snapshot 1`] = `"{ type: \\"VERY_DEEP_WITH_TYPE_ONLY\\"; } | T.EmptyAction<\\"WITH_TYPE_ONLY\\"> | T.PayloadAction<\\"WITH_PAYLOAD\\", number> | T.PayloadAction<\\"WITH_OPTIONAL_PAYLOAD\\", number | undefined> | T.PayloadMetaAction<\\"WITH_META\\", undefined, string> | T.PayloadMetaAction<\\"WITH_PAYLOAD_META\\", number, string> | ({ type: \\"WITH_MAPPED_PAYLOAD\\"; } & { payload: number; }) | ({ type: \\"WITH_MAPPED_META\\"; } & { meta: string; }) | ({ type: \\"WITH_MAPPED_PAYLOAD_META\\"; } & { payload: number; meta: string; }) | T.EmptyAction<\\"FETCH_USER_REQUEST\\"> | T.PayloadAction<\\"FETCH_USER_SUCCESS\\", { firstName: string; lastName: string; }> | T.PayloadAction<\\"FETCH_USER_FAILURE\\", Error> | undefined"`;

exports[`ActionType action-helpers - createStandardAction should return action with mapped payload and meta isOfTypeReducer(actual) (type) should match snapshot 1`] = `"{ type: \\"VERY_DEEP_WITH_TYPE_ONLY\\"; } | T.EmptyAction<\\"WITH_TYPE_ONLY\\"> | T.PayloadAction<\\"WITH_PAYLOAD\\", number> | T.PayloadAction<\\"WITH_OPTIONAL_PAYLOAD\\", number | undefined> | T.PayloadMetaAction<\\"WITH_META\\", undefined, string> | T.PayloadMetaAction<\\"WITH_PAYLOAD_META\\", number, string> | ({ type: \\"WITH_MAPPED_PAYLOAD\\"; } & { payload: number; }) | ({ type: \\"WITH_MAPPED_META\\"; } & { meta: string; }) | ({ type: \\"WITH_MAPPED_PAYLOAD_META\\"; } & { payload: number; meta: string; }) | T.EmptyAction<\\"FETCH_USER_REQUEST\\"> | T.PayloadAction<\\"FETCH_USER_SUCCESS\\", { firstName: string; lastName: string; }> | T.PayloadAction<\\"FETCH_USER_FAILURE\\", Error> | undefined"`;

exports[`ActionType action-helpers - createStandardAction should return action with mapped payload getTypeReducer(actual) (type) should match snapshot 1`] = `"{ type: \\"VERY_DEEP_WITH_TYPE_ONLY\\"; } | T.EmptyAction<\\"WITH_TYPE_ONLY\\"> | T.PayloadAction<\\"WITH_PAYLOAD\\", number> | T.PayloadAction<\\"WITH_OPTIONAL_PAYLOAD\\", number | undefined> | T.PayloadMetaAction<\\"WITH_META\\", undefined, string> | T.PayloadMetaAction<\\"WITH_PAYLOAD_META\\", number, string> | ({ type: \\"WITH_MAPPED_PAYLOAD\\"; } & { payload: number; }) | ({ type: \\"WITH_MAPPED_META\\"; } & { meta: string; }) | ({ type: \\"WITH_MAPPED_PAYLOAD_META\\"; } & { payload: number; meta: string; }) | T.EmptyAction<\\"FETCH_USER_REQUEST\\"> | T.PayloadAction<\\"FETCH_USER_SUCCESS\\", { firstName: string; lastName: string; }> | T.PayloadAction<\\"FETCH_USER_FAILURE\\", Error> | undefined"`;

exports[`ActionType action-helpers - createStandardAction should return action with mapped payload isActionOfArrayReducer(actual) (type) should match snapshot 1`] = `"{ type: \\"VERY_DEEP_WITH_TYPE_ONLY\\"; } | T.EmptyAction<\\"WITH_TYPE_ONLY\\"> | T.PayloadAction<\\"WITH_PAYLOAD\\", number> | T.PayloadAction<\\"WITH_OPTIONAL_PAYLOAD\\", number | undefined> | T.PayloadMetaAction<\\"WITH_META\\", undefined, string> | T.PayloadMetaAction<\\"WITH_PAYLOAD_META\\", number, string> | ({ type: \\"WITH_MAPPED_PAYLOAD\\"; } & { payload: number; }) | ({ type: \\"WITH_MAPPED_META\\"; } & { meta: string; }) | ({ type: \\"WITH_MAPPED_PAYLOAD_META\\"; } & { payload: number; meta: string; }) | T.EmptyAction<\\"FETCH_USER_REQUEST\\"> | T.PayloadAction<\\"FETCH_USER_SUCCESS\\", { firstName: string; lastName: string; }> | T.PayloadAction<\\"FETCH_USER_FAILURE\\", Error> | undefined"`;

exports[`ActionType action-helpers - createStandardAction should return action with mapped payload isActionOfCurriedReducer(actual) (type) should match snapshot 1`] = `"{ type: \\"VERY_DEEP_WITH_TYPE_ONLY\\"; } | T.EmptyAction<\\"WITH_TYPE_ONLY\\"> | T.PayloadAction<\\"WITH_PAYLOAD\\", number> | T.PayloadAction<\\"WITH_OPTIONAL_PAYLOAD\\", number | undefined> | T.PayloadMetaAction<\\"WITH_META\\", undefined, string> | T.PayloadMetaAction<\\"WITH_PAYLOAD_META\\", number, string> | ({ type: \\"WITH_MAPPED_PAYLOAD\\"; } & { payload: number; }) | ({ type: \\"WITH_MAPPED_META\\"; } & { meta: string; }) | ({ type: \\"WITH_MAPPED_PAYLOAD_META\\"; } & { payload: number; meta: string; }) | T.EmptyAction<\\"FETCH_USER_REQUEST\\"> | T.PayloadAction<\\"FETCH_USER_SUCCESS\\", { firstName: string; lastName: string; }> | T.PayloadAction<\\"FETCH_USER_FAILURE\\", Error> | undefined"`;

exports[`ActionType action-helpers - createStandardAction should return action with mapped payload isActionOfReducer(actual) (type) should match snapshot 1`] = `"{ type: \\"VERY_DEEP_WITH_TYPE_ONLY\\"; } | T.EmptyAction<\\"WITH_TYPE_ONLY\\"> | T.PayloadAction<\\"WITH_PAYLOAD\\", number> | T.PayloadAction<\\"WITH_OPTIONAL_PAYLOAD\\", number | undefined> | T.PayloadMetaAction<\\"WITH_META\\", undefined, string> | T.PayloadMetaAction<\\"WITH_PAYLOAD_META\\", number, string> | ({ type: \\"WITH_MAPPED_PAYLOAD\\"; } & { payload: number; }) | ({ type: \\"WITH_MAPPED_META\\"; } & { meta: string; }) | ({ type: \\"WITH_MAPPED_PAYLOAD_META\\"; } & { payload: number; meta: string; }) | T.EmptyAction<\\"FETCH_USER_REQUEST\\"> | T.PayloadAction<\\"FETCH_USER_SUCCESS\\", { firstName: string; lastName: string; }> | T.PayloadAction<\\"FETCH_USER_FAILURE\\", Error> | undefined"`;

exports[`ActionType action-helpers - createStandardAction should return action with mapped payload isOfTypeCurriedReducer(actual) (type) should match snapshot 1`] = `"{ type: \\"VERY_DEEP_WITH_TYPE_ONLY\\"; } | T.EmptyAction<\\"WITH_TYPE_ONLY\\"> | T.PayloadAction<\\"WITH_PAYLOAD\\", number> | T.PayloadAction<\\"WITH_OPTIONAL_PAYLOAD\\", number | undefined> | T.PayloadMetaAction<\\"WITH_META\\", undefined, string> | T.PayloadMetaAction<\\"WITH_PAYLOAD_META\\", number, string> | ({ type: \\"WITH_MAPPED_PAYLOAD\\"; } & { payload: number; }) | ({ type: \\"WITH_MAPPED_META\\"; } & { meta: string; }) | ({ type: \\"WITH_MAPPED_PAYLOAD_META\\"; } & { payload: number; meta: string; }) | T.EmptyAction<\\"FETCH_USER_REQUEST\\"> | T.PayloadAction<\\"FETCH_USER_SUCCESS\\", { firstName: string; lastName: string; }> | T.PayloadAction<\\"FETCH_USER_FAILURE\\", Error> | undefined"`;

exports[`ActionType action-helpers - createStandardAction should return action with mapped payload isOfTypeReducer(actual) (type) should match snapshot 1`] = `"{ type: \\"VERY_DEEP_WITH_TYPE_ONLY\\"; } | T.EmptyAction<\\"WITH_TYPE_ONLY\\"> | T.PayloadAction<\\"WITH_PAYLOAD\\", number> | T.PayloadAction<\\"WITH_OPTIONAL_PAYLOAD\\", number | undefined> | T.PayloadMetaAction<\\"WITH_META\\", undefined, string> | T.PayloadMetaAction<\\"WITH_PAYLOAD_META\\", number, string> | ({ type: \\"WITH_MAPPED_PAYLOAD\\"; } & { payload: number; }) | ({ type: \\"WITH_MAPPED_META\\"; } & { meta: string; }) | ({ type: \\"WITH_MAPPED_PAYLOAD_META\\"; } & { payload: number; meta: string; }) | T.EmptyAction<\\"FETCH_USER_REQUEST\\"> | T.PayloadAction<\\"FETCH_USER_SUCCESS\\", { firstName: string; lastName: string; }> | T.PayloadAction<\\"FETCH_USER_FAILURE\\", Error> | undefined"`;

exports[`ActionType action-helpers - createStandardAction should return action with payload and meta getTypeReducer(actual) (type) should match snapshot 1`] = `"{ type: \\"VERY_DEEP_WITH_TYPE_ONLY\\"; } | T.EmptyAction<\\"WITH_TYPE_ONLY\\"> | T.PayloadAction<\\"WITH_PAYLOAD\\", number> | T.PayloadAction<\\"WITH_OPTIONAL_PAYLOAD\\", number | undefined> | T.PayloadMetaAction<\\"WITH_META\\", undefined, string> | T.PayloadMetaAction<\\"WITH_PAYLOAD_META\\", number, string> | ({ type: \\"WITH_MAPPED_PAYLOAD\\"; } & { payload: number; }) | ({ type: \\"WITH_MAPPED_META\\"; } & { meta: string; }) | ({ type: \\"WITH_MAPPED_PAYLOAD_META\\"; } & { payload: number; meta: string; }) | T.EmptyAction<\\"FETCH_USER_REQUEST\\"> | T.PayloadAction<\\"FETCH_USER_SUCCESS\\", { firstName: string; lastName: string; }> | T.PayloadAction<\\"FETCH_USER_FAILURE\\", Error> | undefined"`;

exports[`ActionType action-helpers - createStandardAction should return action with payload and meta isActionOfArrayReducer(actual) (type) should match snapshot 1`] = `"{ type: \\"VERY_DEEP_WITH_TYPE_ONLY\\"; } | T.EmptyAction<\\"WITH_TYPE_ONLY\\"> | T.PayloadAction<\\"WITH_PAYLOAD\\", number> | T.PayloadAction<\\"WITH_OPTIONAL_PAYLOAD\\", number | undefined> | T.PayloadMetaAction<\\"WITH_META\\", undefined, string> | T.PayloadMetaAction<\\"WITH_PAYLOAD_META\\", number, string> | ({ type: \\"WITH_MAPPED_PAYLOAD\\"; } & { payload: number; }) | ({ type: \\"WITH_MAPPED_META\\"; } & { meta: string; }) | ({ type: \\"WITH_MAPPED_PAYLOAD_META\\"; } & { payload: number; meta: string; }) | T.EmptyAction<\\"FETCH_USER_REQUEST\\"> | T.PayloadAction<\\"FETCH_USER_SUCCESS\\", { firstName: string; lastName: string; }> | T.PayloadAction<\\"FETCH_USER_FAILURE\\", Error> | undefined"`;

exports[`ActionType action-helpers - createStandardAction should return action with payload and meta isActionOfCurriedReducer(actual) (type) should match snapshot 1`] = `"{ type: \\"VERY_DEEP_WITH_TYPE_ONLY\\"; } | T.EmptyAction<\\"WITH_TYPE_ONLY\\"> | T.PayloadAction<\\"WITH_PAYLOAD\\", number> | T.PayloadAction<\\"WITH_OPTIONAL_PAYLOAD\\", number | undefined> | T.PayloadMetaAction<\\"WITH_META\\", undefined, string> | T.PayloadMetaAction<\\"WITH_PAYLOAD_META\\", number, string> | ({ type: \\"WITH_MAPPED_PAYLOAD\\"; } & { payload: number; }) | ({ type: \\"WITH_MAPPED_META\\"; } & { meta: string; }) | ({ type: \\"WITH_MAPPED_PAYLOAD_META\\"; } & { payload: number; meta: string; }) | T.EmptyAction<\\"FETCH_USER_REQUEST\\"> | T.PayloadAction<\\"FETCH_USER_SUCCESS\\", { firstName: string; lastName: string; }> | T.PayloadAction<\\"FETCH_USER_FAILURE\\", Error> | undefined"`;

exports[`ActionType action-helpers - createStandardAction should return action with payload and meta isActionOfReducer(actual) (type) should match snapshot 1`] = `"{ type: \\"VERY_DEEP_WITH_TYPE_ONLY\\"; } | T.EmptyAction<\\"WITH_TYPE_ONLY\\"> | T.PayloadAction<\\"WITH_PAYLOAD\\", number> | T.PayloadAction<\\"WITH_OPTIONAL_PAYLOAD\\", number | undefined> | T.PayloadMetaAction<\\"WITH_META\\", undefined, string> | T.PayloadMetaAction<\\"WITH_PAYLOAD_META\\", number, string> | ({ type: \\"WITH_MAPPED_PAYLOAD\\"; } & { payload: number; }) | ({ type: \\"WITH_MAPPED_META\\"; } & { meta: string; }) | ({ type: \\"WITH_MAPPED_PAYLOAD_META\\"; } & { payload: number; meta: string; }) | T.EmptyAction<\\"FETCH_USER_REQUEST\\"> | T.PayloadAction<\\"FETCH_USER_SUCCESS\\", { firstName: string; lastName: string; }> | T.PayloadAction<\\"FETCH_USER_FAILURE\\", Error> | undefined"`;

exports[`ActionType action-helpers - createStandardAction should return action with payload and meta isOfTypeCurriedReducer(actual) (type) should match snapshot 1`] = `"{ type: \\"VERY_DEEP_WITH_TYPE_ONLY\\"; } | T.EmptyAction<\\"WITH_TYPE_ONLY\\"> | T.PayloadAction<\\"WITH_PAYLOAD\\", number> | T.PayloadAction<\\"WITH_OPTIONAL_PAYLOAD\\", number | undefined> | T.PayloadMetaAction<\\"WITH_META\\", undefined, string> | T.PayloadMetaAction<\\"WITH_PAYLOAD_META\\", number, string> | ({ type: \\"WITH_MAPPED_PAYLOAD\\"; } & { payload: number; }) | ({ type: \\"WITH_MAPPED_META\\"; } & { meta: string; }) | ({ type: \\"WITH_MAPPED_PAYLOAD_META\\"; } & { payload: number; meta: string; }) | T.EmptyAction<\\"FETCH_USER_REQUEST\\"> | T.PayloadAction<\\"FETCH_USER_SUCCESS\\", { firstName: string; lastName: string; }> | T.PayloadAction<\\"FETCH_USER_FAILURE\\", Error> | undefined"`;

exports[`ActionType action-helpers - createStandardAction should return action with payload and meta isOfTypeReducer(actual) (type) should match snapshot 1`] = `"{ type: \\"VERY_DEEP_WITH_TYPE_ONLY\\"; } | T.EmptyAction<\\"WITH_TYPE_ONLY\\"> | T.PayloadAction<\\"WITH_PAYLOAD\\", number> | T.PayloadAction<\\"WITH_OPTIONAL_PAYLOAD\\", number | undefined> | T.PayloadMetaAction<\\"WITH_META\\", undefined, string> | T.PayloadMetaAction<\\"WITH_PAYLOAD_META\\", number, string> | ({ type: \\"WITH_MAPPED_PAYLOAD\\"; } & { payload: number; }) | ({ type: \\"WITH_MAPPED_META\\"; } & { meta: string; }) | ({ type: \\"WITH_MAPPED_PAYLOAD_META\\"; } & { payload: number; meta: string; }) | T.EmptyAction<\\"FETCH_USER_REQUEST\\"> | T.PayloadAction<\\"FETCH_USER_SUCCESS\\", { firstName: string; lastName: string; }> | T.PayloadAction<\\"FETCH_USER_FAILURE\\", Error> | undefined"`;

exports[`ActionType action-helpers - createStandardAction should return action with payload getTypeReducer(actual) (type) should match snapshot 1`] = `"{ type: \\"VERY_DEEP_WITH_TYPE_ONLY\\"; } | T.EmptyAction<\\"WITH_TYPE_ONLY\\"> | T.PayloadAction<\\"WITH_PAYLOAD\\", number> | T.PayloadAction<\\"WITH_OPTIONAL_PAYLOAD\\", number | undefined> | T.PayloadMetaAction<\\"WITH_META\\", undefined, string> | T.PayloadMetaAction<\\"WITH_PAYLOAD_META\\", number, string> | ({ type: \\"WITH_MAPPED_PAYLOAD\\"; } & { payload: number; }) | ({ type: \\"WITH_MAPPED_META\\"; } & { meta: string; }) | ({ type: \\"WITH_MAPPED_PAYLOAD_META\\"; } & { payload: number; meta: string; }) | T.EmptyAction<\\"FETCH_USER_REQUEST\\"> | T.PayloadAction<\\"FETCH_USER_SUCCESS\\", { firstName: string; lastName: string; }> | T.PayloadAction<\\"FETCH_USER_FAILURE\\", Error> | undefined"`;

exports[`ActionType action-helpers - createStandardAction should return action with payload isActionOfArrayReducer(actual) (type) should match snapshot 1`] = `"{ type: \\"VERY_DEEP_WITH_TYPE_ONLY\\"; } | T.EmptyAction<\\"WITH_TYPE_ONLY\\"> | T.PayloadAction<\\"WITH_PAYLOAD\\", number> | T.PayloadAction<\\"WITH_OPTIONAL_PAYLOAD\\", number | undefined> | T.PayloadMetaAction<\\"WITH_META\\", undefined, string> | T.PayloadMetaAction<\\"WITH_PAYLOAD_META\\", number, string> | ({ type: \\"WITH_MAPPED_PAYLOAD\\"; } & { payload: number; }) | ({ type: \\"WITH_MAPPED_META\\"; } & { meta: string; }) | ({ type: \\"WITH_MAPPED_PAYLOAD_META\\"; } & { payload: number; meta: string; }) | T.EmptyAction<\\"FETCH_USER_REQUEST\\"> | T.PayloadAction<\\"FETCH_USER_SUCCESS\\", { firstName: string; lastName: string; }> | T.PayloadAction<\\"FETCH_USER_FAILURE\\", Error> | undefined"`;

exports[`ActionType action-helpers - createStandardAction should return action with payload isActionOfCurriedReducer(actual) (type) should match snapshot 1`] = `"{ type: \\"VERY_DEEP_WITH_TYPE_ONLY\\"; } | T.EmptyAction<\\"WITH_TYPE_ONLY\\"> | T.PayloadAction<\\"WITH_PAYLOAD\\", number> | T.PayloadAction<\\"WITH_OPTIONAL_PAYLOAD\\", number | undefined> | T.PayloadMetaAction<\\"WITH_META\\", undefined, string> | T.PayloadMetaAction<\\"WITH_PAYLOAD_META\\", number, string> | ({ type: \\"WITH_MAPPED_PAYLOAD\\"; } & { payload: number; }) | ({ type: \\"WITH_MAPPED_META\\"; } & { meta: string; }) | ({ type: \\"WITH_MAPPED_PAYLOAD_META\\"; } & { payload: number; meta: string; }) | T.EmptyAction<\\"FETCH_USER_REQUEST\\"> | T.PayloadAction<\\"FETCH_USER_SUCCESS\\", { firstName: string; lastName: string; }> | T.PayloadAction<\\"FETCH_USER_FAILURE\\", Error> | undefined"`;

exports[`ActionType action-helpers - createStandardAction should return action with payload isActionOfReducer(actual) (type) should match snapshot 1`] = `"{ type: \\"VERY_DEEP_WITH_TYPE_ONLY\\"; } | T.EmptyAction<\\"WITH_TYPE_ONLY\\"> | T.PayloadAction<\\"WITH_PAYLOAD\\", number> | T.PayloadAction<\\"WITH_OPTIONAL_PAYLOAD\\", number | undefined> | T.PayloadMetaAction<\\"WITH_META\\", undefined, string> | T.PayloadMetaAction<\\"WITH_PAYLOAD_META\\", number, string> | ({ type: \\"WITH_MAPPED_PAYLOAD\\"; } & { payload: number; }) | ({ type: \\"WITH_MAPPED_META\\"; } & { meta: string; }) | ({ type: \\"WITH_MAPPED_PAYLOAD_META\\"; } & { payload: number; meta: string; }) | T.EmptyAction<\\"FETCH_USER_REQUEST\\"> | T.PayloadAction<\\"FETCH_USER_SUCCESS\\", { firstName: string; lastName: string; }> | T.PayloadAction<\\"FETCH_USER_FAILURE\\", Error> | undefined"`;

exports[`ActionType action-helpers - createStandardAction should return action with payload isOfTypeCurriedReducer(actual) (type) should match snapshot 1`] = `"{ type: \\"VERY_DEEP_WITH_TYPE_ONLY\\"; } | T.EmptyAction<\\"WITH_TYPE_ONLY\\"> | T.PayloadAction<\\"WITH_PAYLOAD\\", number> | T.PayloadAction<\\"WITH_OPTIONAL_PAYLOAD\\", number | undefined> | T.PayloadMetaAction<\\"WITH_META\\", undefined, string> | T.PayloadMetaAction<\\"WITH_PAYLOAD_META\\", number, string> | ({ type: \\"WITH_MAPPED_PAYLOAD\\"; } & { payload: number; }) | ({ type: \\"WITH_MAPPED_META\\"; } & { meta: string; }) | ({ type: \\"WITH_MAPPED_PAYLOAD_META\\"; } & { payload: number; meta: string; }) | T.EmptyAction<\\"FETCH_USER_REQUEST\\"> | T.PayloadAction<\\"FETCH_USER_SUCCESS\\", { firstName: string; lastName: string; }> | T.PayloadAction<\\"FETCH_USER_FAILURE\\", Error> | undefined"`;

exports[`ActionType action-helpers - createStandardAction should return action with payload isOfTypeReducer(actual) (type) should match snapshot 1`] = `"{ type: \\"VERY_DEEP_WITH_TYPE_ONLY\\"; } | T.EmptyAction<\\"WITH_TYPE_ONLY\\"> | T.PayloadAction<\\"WITH_PAYLOAD\\", number> | T.PayloadAction<\\"WITH_OPTIONAL_PAYLOAD\\", number | undefined> | T.PayloadMetaAction<\\"WITH_META\\", undefined, string> | T.PayloadMetaAction<\\"WITH_PAYLOAD_META\\", number, string> | ({ type: \\"WITH_MAPPED_PAYLOAD\\"; } & { payload: number; }) | ({ type: \\"WITH_MAPPED_META\\"; } & { meta: string; }) | ({ type: \\"WITH_MAPPED_PAYLOAD_META\\"; } & { payload: number; meta: string; }) | T.EmptyAction<\\"FETCH_USER_REQUEST\\"> | T.PayloadAction<\\"FETCH_USER_SUCCESS\\", { firstName: string; lastName: string; }> | T.PayloadAction<\\"FETCH_USER_FAILURE\\", Error> | undefined"`;

exports[`ActionType action-helpers - createStandardAction should return action with type only -> { type: any; } (type) should match snapshot 1`] = `"{ type: \\"VERY_DEEP_WITH_TYPE_ONLY\\"; } | T.EmptyAction<\\"WITH_TYPE_ONLY\\"> | T.PayloadAction<\\"WITH_PAYLOAD\\", number> | T.PayloadAction<\\"WITH_OPTIONAL_PAYLOAD\\", number | undefined> | T.PayloadMetaAction<\\"WITH_META\\", undefined, string> | T.PayloadMetaAction<\\"WITH_PAYLOAD_META\\", number, string> | ({ type: \\"WITH_MAPPED_PAYLOAD\\"; } & { payload: number; }) | ({ type: \\"WITH_MAPPED_META\\"; } & { meta: string; }) | ({ type: \\"WITH_MAPPED_PAYLOAD_META\\"; } & { payload: number; meta: string; }) | T.EmptyAction<\\"FETCH_USER_REQUEST\\"> | T.PayloadAction<\\"FETCH_USER_SUCCESS\\", { firstName: string; lastName: string; }> | T.PayloadAction<\\"FETCH_USER_FAILURE\\", Error> | undefined"`;

exports[`ActionType action-helpers - createStandardAction should return action with type only -> { type: any; } (type) should match snapshot 2`] = `"{ type: \\"VERY_DEEP_WITH_TYPE_ONLY\\"; } | T.EmptyAction<\\"WITH_TYPE_ONLY\\"> | T.PayloadAction<\\"WITH_PAYLOAD\\", number> | T.PayloadAction<\\"WITH_OPTIONAL_PAYLOAD\\", number | undefined> | T.PayloadMetaAction<\\"WITH_META\\", undefined, string> | T.PayloadMetaAction<\\"WITH_PAYLOAD_META\\", number, string> | ({ type: \\"WITH_MAPPED_PAYLOAD\\"; } & { payload: number; }) | ({ type: \\"WITH_MAPPED_META\\"; } & { meta: string; }) | ({ type: \\"WITH_MAPPED_PAYLOAD_META\\"; } & { payload: number; meta: string; }) | T.EmptyAction<\\"FETCH_USER_REQUEST\\"> | T.PayloadAction<\\"FETCH_USER_SUCCESS\\", { firstName: string; lastName: string; }> | T.PayloadAction<\\"FETCH_USER_FAILURE\\", Error> | undefined"`;

exports[`ActionType action-helpers - createStandardAction should return action with type only getTypeReducer(actual) (type) should match snapshot 1`] = `"{ type: \\"VERY_DEEP_WITH_TYPE_ONLY\\"; } | T.EmptyAction<\\"WITH_TYPE_ONLY\\"> | T.PayloadAction<\\"WITH_PAYLOAD\\", number> | T.PayloadAction<\\"WITH_OPTIONAL_PAYLOAD\\", number | undefined> | T.PayloadMetaAction<\\"WITH_META\\", undefined, string> | T.PayloadMetaAction<\\"WITH_PAYLOAD_META\\", number, string> | ({ type: \\"WITH_MAPPED_PAYLOAD\\"; } & { payload: number; }) | ({ type: \\"WITH_MAPPED_META\\"; } & { meta: string; }) | ({ type: \\"WITH_MAPPED_PAYLOAD_META\\"; } & { payload: number; meta: string; }) | T.EmptyAction<\\"FETCH_USER_REQUEST\\"> | T.PayloadAction<\\"FETCH_USER_SUCCESS\\", { firstName: string; lastName: string; }> | T.PayloadAction<\\"FETCH_USER_FAILURE\\", Error> | undefined"`;

exports[`ActionType action-helpers - createStandardAction should return action with type only isActionOfArrayReducer(actual) (type) should match snapshot 1`] = `"{ type: \\"VERY_DEEP_WITH_TYPE_ONLY\\"; } | T.EmptyAction<\\"WITH_TYPE_ONLY\\"> | T.PayloadAction<\\"WITH_PAYLOAD\\", number> | T.PayloadAction<\\"WITH_OPTIONAL_PAYLOAD\\", number | undefined> | T.PayloadMetaAction<\\"WITH_META\\", undefined, string> | T.PayloadMetaAction<\\"WITH_PAYLOAD_META\\", number, string> | ({ type: \\"WITH_MAPPED_PAYLOAD\\"; } & { payload: number; }) | ({ type: \\"WITH_MAPPED_META\\"; } & { meta: string; }) | ({ type: \\"WITH_MAPPED_PAYLOAD_META\\"; } & { payload: number; meta: string; }) | T.EmptyAction<\\"FETCH_USER_REQUEST\\"> | T.PayloadAction<\\"FETCH_USER_SUCCESS\\", { firstName: string; lastName: string; }> | T.PayloadAction<\\"FETCH_USER_FAILURE\\", Error> | undefined"`;

exports[`ActionType action-helpers - createStandardAction should return action with type only isActionOfCurriedReducer(actual) (type) should match snapshot 1`] = `"{ type: \\"VERY_DEEP_WITH_TYPE_ONLY\\"; } | T.EmptyAction<\\"WITH_TYPE_ONLY\\"> | T.PayloadAction<\\"WITH_PAYLOAD\\", number> | T.PayloadAction<\\"WITH_OPTIONAL_PAYLOAD\\", number | undefined> | T.PayloadMetaAction<\\"WITH_META\\", undefined, string> | T.PayloadMetaAction<\\"WITH_PAYLOAD_META\\", number, string> | ({ type: \\"WITH_MAPPED_PAYLOAD\\"; } & { payload: number; }) | ({ type: \\"WITH_MAPPED_META\\"; } & { meta: string; }) | ({ type: \\"WITH_MAPPED_PAYLOAD_META\\"; } & { payload: number; meta: string; }) | T.EmptyAction<\\"FETCH_USER_REQUEST\\"> | T.PayloadAction<\\"FETCH_USER_SUCCESS\\", { firstName: string; lastName: string; }> | T.PayloadAction<\\"FETCH_USER_FAILURE\\", Error> | undefined"`;

exports[`ActionType action-helpers - createStandardAction should return action with type only isActionOfReducer(actual) (type) should match snapshot 1`] = `"{ type: \\"VERY_DEEP_WITH_TYPE_ONLY\\"; } | T.EmptyAction<\\"WITH_TYPE_ONLY\\"> | T.PayloadAction<\\"WITH_PAYLOAD\\", number> | T.PayloadAction<\\"WITH_OPTIONAL_PAYLOAD\\", number | undefined> | T.PayloadMetaAction<\\"WITH_META\\", undefined, string> | T.PayloadMetaAction<\\"WITH_PAYLOAD_META\\", number, string> | ({ type: \\"WITH_MAPPED_PAYLOAD\\"; } & { payload: number; }) | ({ type: \\"WITH_MAPPED_META\\"; } & { meta: string; }) | ({ type: \\"WITH_MAPPED_PAYLOAD_META\\"; } & { payload: number; meta: string; }) | T.EmptyAction<\\"FETCH_USER_REQUEST\\"> | T.PayloadAction<\\"FETCH_USER_SUCCESS\\", { firstName: string; lastName: string; }> | T.PayloadAction<\\"FETCH_USER_FAILURE\\", Error> | undefined"`;

exports[`ActionType action-helpers - createStandardAction should return action with type only isOfTypeCurriedReducer(actual) (type) should match snapshot 1`] = `"{ type: \\"VERY_DEEP_WITH_TYPE_ONLY\\"; } | T.EmptyAction<\\"WITH_TYPE_ONLY\\"> | T.PayloadAction<\\"WITH_PAYLOAD\\", number> | T.PayloadAction<\\"WITH_OPTIONAL_PAYLOAD\\", number | undefined> | T.PayloadMetaAction<\\"WITH_META\\", undefined, string> | T.PayloadMetaAction<\\"WITH_PAYLOAD_META\\", number, string> | ({ type: \\"WITH_MAPPED_PAYLOAD\\"; } & { payload: number; }) | ({ type: \\"WITH_MAPPED_META\\"; } & { meta: string; }) | ({ type: \\"WITH_MAPPED_PAYLOAD_META\\"; } & { payload: number; meta: string; }) | T.EmptyAction<\\"FETCH_USER_REQUEST\\"> | T.PayloadAction<\\"FETCH_USER_SUCCESS\\", { firstName: string; lastName: string; }> | T.PayloadAction<\\"FETCH_USER_FAILURE\\", Error> | undefined"`;

exports[`ActionType action-helpers - createStandardAction should return action with type only isOfTypeReducer(actual) (type) should match snapshot 1`] = `"{ type: \\"VERY_DEEP_WITH_TYPE_ONLY\\"; } | T.EmptyAction<\\"WITH_TYPE_ONLY\\"> | T.PayloadAction<\\"WITH_PAYLOAD\\", number> | T.PayloadAction<\\"WITH_OPTIONAL_PAYLOAD\\", number | undefined> | T.PayloadMetaAction<\\"WITH_META\\", undefined, string> | T.PayloadMetaAction<\\"WITH_PAYLOAD_META\\", number, string> | ({ type: \\"WITH_MAPPED_PAYLOAD\\"; } & { payload: number; }) | ({ type: \\"WITH_MAPPED_META\\"; } & { meta: string; }) | ({ type: \\"WITH_MAPPED_PAYLOAD_META\\"; } & { payload: number; meta: string; }) | T.EmptyAction<\\"FETCH_USER_REQUEST\\"> | T.PayloadAction<\\"FETCH_USER_SUCCESS\\", { firstName: string; lastName: string; }> | T.PayloadAction<\\"FETCH_USER_FAILURE\\", Error> | undefined"`;

exports[`ActionType testType<ActionType<typeof actions>>() (type) should match snapshot 1`] = `"{ type: \\"VERY_DEEP_WITH_TYPE_ONLY\\"; } | T.EmptyAction<\\"WITH_TYPE_ONLY\\"> | T.PayloadAction<\\"WITH_PAYLOAD\\", number> | T.PayloadAction<\\"WITH_OPTIONAL_PAYLOAD\\", number | undefined> | T.PayloadMetaAction<\\"WITH_META\\", undefined, string> | T.PayloadMetaAction<\\"WITH_PAYLOAD_META\\", number, string> | ({ type: \\"WITH_MAPPED_PAYLOAD\\"; } & { payload: number; }) | ({ type: \\"WITH_MAPPED_META\\"; } & { meta: string; }) | ({ type: \\"WITH_MAPPED_PAYLOAD_META\\"; } & { payload: number; meta: string; }) | T.EmptyAction<\\"FETCH_USER_REQUEST\\"> | T.PayloadAction<\\"FETCH_USER_SUCCESS\\", { firstName: string; lastName: string; }> | T.PayloadAction<\\"FETCH_USER_FAILURE\\", Error>"`;

exports[`StateType reducer(undefined, withTypeOnly()) (type) should match snapshot 1`] = `"boolean"`;

exports[`StateType testType<StateType<typeof reducer>>() (type) should match snapshot 1`] = `"boolean"`;
