// Jest Snapshot v1, https://goo.gl/fbAQLP

exports[`getTypeReducer(actual) 1`] = `"TH.EmptyAction<\\"WITH_TYPE_ONLY\\"> | { type: \\"VERY_DEEP_WITH_TYPE_ONLY\\"; } | TH.PayloadAction<\\"WITH_PAYLOAD\\", number> | TH.PayloadAction<\\"WITH_OPTIONAL_PAYLOAD\\", number | undefined> | TH.PayloadMetaAction<\\"WITH_PAYLOAD_META\\", number, string> | TH.PayloadAction<\\"WITH_MAPPED_PAYLOAD\\", number> | TH.PayloadMetaAction<\\"WITH_MAPPED_PAYLOAD_META\\", number, string> | TH.EmptyAction<\\"FETCH_USER_REQUEST\\"> | TH.PayloadAction<\\"FETCH_USER_SUCCESS\\", { firstName: string; lastName: string; }> | TH.PayloadAction<\\"FETCH_USER_FAILURE\\", Error> | undefined"`;

exports[`getTypeReducer(actual) 2`] = `"TH.EmptyAction<\\"WITH_TYPE_ONLY\\"> | { type: \\"VERY_DEEP_WITH_TYPE_ONLY\\"; } | TH.PayloadAction<\\"WITH_PAYLOAD\\", number> | TH.PayloadAction<\\"WITH_OPTIONAL_PAYLOAD\\", number | undefined> | TH.PayloadMetaAction<\\"WITH_PAYLOAD_META\\", number, string> | TH.PayloadAction<\\"WITH_MAPPED_PAYLOAD\\", number> | TH.PayloadMetaAction<\\"WITH_MAPPED_PAYLOAD_META\\", number, string> | TH.EmptyAction<\\"FETCH_USER_REQUEST\\"> | TH.PayloadAction<\\"FETCH_USER_SUCCESS\\", { firstName: string; lastName: string; }> | TH.PayloadAction<\\"FETCH_USER_FAILURE\\", Error> | undefined"`;

exports[`getTypeReducer(actual) 3`] = `"TH.EmptyAction<\\"WITH_TYPE_ONLY\\"> | { type: \\"VERY_DEEP_WITH_TYPE_ONLY\\"; } | TH.PayloadAction<\\"WITH_PAYLOAD\\", number> | TH.PayloadAction<\\"WITH_OPTIONAL_PAYLOAD\\", number | undefined> | TH.PayloadMetaAction<\\"WITH_PAYLOAD_META\\", number, string> | TH.PayloadAction<\\"WITH_MAPPED_PAYLOAD\\", number> | TH.PayloadMetaAction<\\"WITH_MAPPED_PAYLOAD_META\\", number, string> | TH.EmptyAction<\\"FETCH_USER_REQUEST\\"> | TH.PayloadAction<\\"FETCH_USER_SUCCESS\\", { firstName: string; lastName: string; }> | TH.PayloadAction<\\"FETCH_USER_FAILURE\\", Error> | undefined"`;

exports[`getTypeReducer(actual) 4`] = `"TH.EmptyAction<\\"WITH_TYPE_ONLY\\"> | { type: \\"VERY_DEEP_WITH_TYPE_ONLY\\"; } | TH.PayloadAction<\\"WITH_PAYLOAD\\", number> | TH.PayloadAction<\\"WITH_OPTIONAL_PAYLOAD\\", number | undefined> | TH.PayloadMetaAction<\\"WITH_PAYLOAD_META\\", number, string> | TH.PayloadAction<\\"WITH_MAPPED_PAYLOAD\\", number> | TH.PayloadMetaAction<\\"WITH_MAPPED_PAYLOAD_META\\", number, string> | TH.EmptyAction<\\"FETCH_USER_REQUEST\\"> | TH.PayloadAction<\\"FETCH_USER_SUCCESS\\", { firstName: string; lastName: string; }> | TH.PayloadAction<\\"FETCH_USER_FAILURE\\", Error> | undefined"`;

exports[`getTypeReducer(actual) 5`] = `"TH.EmptyAction<\\"WITH_TYPE_ONLY\\"> | { type: \\"VERY_DEEP_WITH_TYPE_ONLY\\"; } | TH.PayloadAction<\\"WITH_PAYLOAD\\", number> | TH.PayloadAction<\\"WITH_OPTIONAL_PAYLOAD\\", number | undefined> | TH.PayloadMetaAction<\\"WITH_PAYLOAD_META\\", number, string> | TH.PayloadAction<\\"WITH_MAPPED_PAYLOAD\\", number> | TH.PayloadMetaAction<\\"WITH_MAPPED_PAYLOAD_META\\", number, string> | TH.EmptyAction<\\"FETCH_USER_REQUEST\\"> | TH.PayloadAction<\\"FETCH_USER_SUCCESS\\", { firstName: string; lastName: string; }> | TH.PayloadAction<\\"FETCH_USER_FAILURE\\", Error> | undefined"`;

exports[`getTypeReducer(actual) 6`] = `"TH.EmptyAction<\\"WITH_TYPE_ONLY\\"> | { type: \\"VERY_DEEP_WITH_TYPE_ONLY\\"; } | TH.PayloadAction<\\"WITH_PAYLOAD\\", number> | TH.PayloadAction<\\"WITH_OPTIONAL_PAYLOAD\\", number | undefined> | TH.PayloadMetaAction<\\"WITH_PAYLOAD_META\\", number, string> | TH.PayloadAction<\\"WITH_MAPPED_PAYLOAD\\", number> | TH.PayloadMetaAction<\\"WITH_MAPPED_PAYLOAD_META\\", number, string> | TH.EmptyAction<\\"FETCH_USER_REQUEST\\"> | TH.PayloadAction<\\"FETCH_USER_SUCCESS\\", { firstName: string; lastName: string; }> | TH.PayloadAction<\\"FETCH_USER_FAILURE\\", Error> | undefined"`;

exports[`isActionOfArrayReducer(actual) 1`] = `"TH.EmptyAction<\\"WITH_TYPE_ONLY\\"> | { type: \\"VERY_DEEP_WITH_TYPE_ONLY\\"; } | TH.PayloadAction<\\"WITH_PAYLOAD\\", number> | TH.PayloadAction<\\"WITH_OPTIONAL_PAYLOAD\\", number | undefined> | TH.PayloadMetaAction<\\"WITH_PAYLOAD_META\\", number, string> | TH.PayloadAction<\\"WITH_MAPPED_PAYLOAD\\", number> | TH.PayloadMetaAction<\\"WITH_MAPPED_PAYLOAD_META\\", number, string> | TH.EmptyAction<\\"FETCH_USER_REQUEST\\"> | TH.PayloadAction<\\"FETCH_USER_SUCCESS\\", { firstName: string; lastName: string; }> | TH.PayloadAction<\\"FETCH_USER_FAILURE\\", Error> | undefined"`;

exports[`isActionOfArrayReducer(actual) 2`] = `"TH.EmptyAction<\\"WITH_TYPE_ONLY\\"> | { type: \\"VERY_DEEP_WITH_TYPE_ONLY\\"; } | TH.PayloadAction<\\"WITH_PAYLOAD\\", number> | TH.PayloadAction<\\"WITH_OPTIONAL_PAYLOAD\\", number | undefined> | TH.PayloadMetaAction<\\"WITH_PAYLOAD_META\\", number, string> | TH.PayloadAction<\\"WITH_MAPPED_PAYLOAD\\", number> | TH.PayloadMetaAction<\\"WITH_MAPPED_PAYLOAD_META\\", number, string> | TH.EmptyAction<\\"FETCH_USER_REQUEST\\"> | TH.PayloadAction<\\"FETCH_USER_SUCCESS\\", { firstName: string; lastName: string; }> | TH.PayloadAction<\\"FETCH_USER_FAILURE\\", Error> | undefined"`;

exports[`isActionOfArrayReducer(actual) 3`] = `"TH.EmptyAction<\\"WITH_TYPE_ONLY\\"> | { type: \\"VERY_DEEP_WITH_TYPE_ONLY\\"; } | TH.PayloadAction<\\"WITH_PAYLOAD\\", number> | TH.PayloadAction<\\"WITH_OPTIONAL_PAYLOAD\\", number | undefined> | TH.PayloadMetaAction<\\"WITH_PAYLOAD_META\\", number, string> | TH.PayloadAction<\\"WITH_MAPPED_PAYLOAD\\", number> | TH.PayloadMetaAction<\\"WITH_MAPPED_PAYLOAD_META\\", number, string> | TH.EmptyAction<\\"FETCH_USER_REQUEST\\"> | TH.PayloadAction<\\"FETCH_USER_SUCCESS\\", { firstName: string; lastName: string; }> | TH.PayloadAction<\\"FETCH_USER_FAILURE\\", Error> | undefined"`;

exports[`isActionOfArrayReducer(actual) 4`] = `"TH.EmptyAction<\\"WITH_TYPE_ONLY\\"> | { type: \\"VERY_DEEP_WITH_TYPE_ONLY\\"; } | TH.PayloadAction<\\"WITH_PAYLOAD\\", number> | TH.PayloadAction<\\"WITH_OPTIONAL_PAYLOAD\\", number | undefined> | TH.PayloadMetaAction<\\"WITH_PAYLOAD_META\\", number, string> | TH.PayloadAction<\\"WITH_MAPPED_PAYLOAD\\", number> | TH.PayloadMetaAction<\\"WITH_MAPPED_PAYLOAD_META\\", number, string> | TH.EmptyAction<\\"FETCH_USER_REQUEST\\"> | TH.PayloadAction<\\"FETCH_USER_SUCCESS\\", { firstName: string; lastName: string; }> | TH.PayloadAction<\\"FETCH_USER_FAILURE\\", Error> | undefined"`;

exports[`isActionOfArrayReducer(actual) 5`] = `"TH.EmptyAction<\\"WITH_TYPE_ONLY\\"> | { type: \\"VERY_DEEP_WITH_TYPE_ONLY\\"; } | TH.PayloadAction<\\"WITH_PAYLOAD\\", number> | TH.PayloadAction<\\"WITH_OPTIONAL_PAYLOAD\\", number | undefined> | TH.PayloadMetaAction<\\"WITH_PAYLOAD_META\\", number, string> | TH.PayloadAction<\\"WITH_MAPPED_PAYLOAD\\", number> | TH.PayloadMetaAction<\\"WITH_MAPPED_PAYLOAD_META\\", number, string> | TH.EmptyAction<\\"FETCH_USER_REQUEST\\"> | TH.PayloadAction<\\"FETCH_USER_SUCCESS\\", { firstName: string; lastName: string; }> | TH.PayloadAction<\\"FETCH_USER_FAILURE\\", Error> | undefined"`;

exports[`isActionOfArrayReducer(actual) 6`] = `"TH.EmptyAction<\\"WITH_TYPE_ONLY\\"> | { type: \\"VERY_DEEP_WITH_TYPE_ONLY\\"; } | TH.PayloadAction<\\"WITH_PAYLOAD\\", number> | TH.PayloadAction<\\"WITH_OPTIONAL_PAYLOAD\\", number | undefined> | TH.PayloadMetaAction<\\"WITH_PAYLOAD_META\\", number, string> | TH.PayloadAction<\\"WITH_MAPPED_PAYLOAD\\", number> | TH.PayloadMetaAction<\\"WITH_MAPPED_PAYLOAD_META\\", number, string> | TH.EmptyAction<\\"FETCH_USER_REQUEST\\"> | TH.PayloadAction<\\"FETCH_USER_SUCCESS\\", { firstName: string; lastName: string; }> | TH.PayloadAction<\\"FETCH_USER_FAILURE\\", Error> | undefined"`;

exports[`isActionOfCurriedReducer(actual) 1`] = `"TH.EmptyAction<\\"WITH_TYPE_ONLY\\"> | { type: \\"VERY_DEEP_WITH_TYPE_ONLY\\"; } | TH.PayloadAction<\\"WITH_PAYLOAD\\", number> | TH.PayloadAction<\\"WITH_OPTIONAL_PAYLOAD\\", number | undefined> | TH.PayloadMetaAction<\\"WITH_PAYLOAD_META\\", number, string> | TH.PayloadAction<\\"WITH_MAPPED_PAYLOAD\\", number> | TH.PayloadMetaAction<\\"WITH_MAPPED_PAYLOAD_META\\", number, string> | TH.EmptyAction<\\"FETCH_USER_REQUEST\\"> | TH.PayloadAction<\\"FETCH_USER_SUCCESS\\", { firstName: string; lastName: string; }> | TH.PayloadAction<\\"FETCH_USER_FAILURE\\", Error> | undefined"`;

exports[`isActionOfCurriedReducer(actual) 2`] = `"TH.EmptyAction<\\"WITH_TYPE_ONLY\\"> | { type: \\"VERY_DEEP_WITH_TYPE_ONLY\\"; } | TH.PayloadAction<\\"WITH_PAYLOAD\\", number> | TH.PayloadAction<\\"WITH_OPTIONAL_PAYLOAD\\", number | undefined> | TH.PayloadMetaAction<\\"WITH_PAYLOAD_META\\", number, string> | TH.PayloadAction<\\"WITH_MAPPED_PAYLOAD\\", number> | TH.PayloadMetaAction<\\"WITH_MAPPED_PAYLOAD_META\\", number, string> | TH.EmptyAction<\\"FETCH_USER_REQUEST\\"> | TH.PayloadAction<\\"FETCH_USER_SUCCESS\\", { firstName: string; lastName: string; }> | TH.PayloadAction<\\"FETCH_USER_FAILURE\\", Error> | undefined"`;

exports[`isActionOfCurriedReducer(actual) 3`] = `"TH.EmptyAction<\\"WITH_TYPE_ONLY\\"> | { type: \\"VERY_DEEP_WITH_TYPE_ONLY\\"; } | TH.PayloadAction<\\"WITH_PAYLOAD\\", number> | TH.PayloadAction<\\"WITH_OPTIONAL_PAYLOAD\\", number | undefined> | TH.PayloadMetaAction<\\"WITH_PAYLOAD_META\\", number, string> | TH.PayloadAction<\\"WITH_MAPPED_PAYLOAD\\", number> | TH.PayloadMetaAction<\\"WITH_MAPPED_PAYLOAD_META\\", number, string> | TH.EmptyAction<\\"FETCH_USER_REQUEST\\"> | TH.PayloadAction<\\"FETCH_USER_SUCCESS\\", { firstName: string; lastName: string; }> | TH.PayloadAction<\\"FETCH_USER_FAILURE\\", Error> | undefined"`;

exports[`isActionOfCurriedReducer(actual) 4`] = `"TH.EmptyAction<\\"WITH_TYPE_ONLY\\"> | { type: \\"VERY_DEEP_WITH_TYPE_ONLY\\"; } | TH.PayloadAction<\\"WITH_PAYLOAD\\", number> | TH.PayloadAction<\\"WITH_OPTIONAL_PAYLOAD\\", number | undefined> | TH.PayloadMetaAction<\\"WITH_PAYLOAD_META\\", number, string> | TH.PayloadAction<\\"WITH_MAPPED_PAYLOAD\\", number> | TH.PayloadMetaAction<\\"WITH_MAPPED_PAYLOAD_META\\", number, string> | TH.EmptyAction<\\"FETCH_USER_REQUEST\\"> | TH.PayloadAction<\\"FETCH_USER_SUCCESS\\", { firstName: string; lastName: string; }> | TH.PayloadAction<\\"FETCH_USER_FAILURE\\", Error> | undefined"`;

exports[`isActionOfCurriedReducer(actual) 5`] = `"TH.EmptyAction<\\"WITH_TYPE_ONLY\\"> | { type: \\"VERY_DEEP_WITH_TYPE_ONLY\\"; } | TH.PayloadAction<\\"WITH_PAYLOAD\\", number> | TH.PayloadAction<\\"WITH_OPTIONAL_PAYLOAD\\", number | undefined> | TH.PayloadMetaAction<\\"WITH_PAYLOAD_META\\", number, string> | TH.PayloadAction<\\"WITH_MAPPED_PAYLOAD\\", number> | TH.PayloadMetaAction<\\"WITH_MAPPED_PAYLOAD_META\\", number, string> | TH.EmptyAction<\\"FETCH_USER_REQUEST\\"> | TH.PayloadAction<\\"FETCH_USER_SUCCESS\\", { firstName: string; lastName: string; }> | TH.PayloadAction<\\"FETCH_USER_FAILURE\\", Error> | undefined"`;

exports[`isActionOfCurriedReducer(actual) 6`] = `"TH.EmptyAction<\\"WITH_TYPE_ONLY\\"> | { type: \\"VERY_DEEP_WITH_TYPE_ONLY\\"; } | TH.PayloadAction<\\"WITH_PAYLOAD\\", number> | TH.PayloadAction<\\"WITH_OPTIONAL_PAYLOAD\\", number | undefined> | TH.PayloadMetaAction<\\"WITH_PAYLOAD_META\\", number, string> | TH.PayloadAction<\\"WITH_MAPPED_PAYLOAD\\", number> | TH.PayloadMetaAction<\\"WITH_MAPPED_PAYLOAD_META\\", number, string> | TH.EmptyAction<\\"FETCH_USER_REQUEST\\"> | TH.PayloadAction<\\"FETCH_USER_SUCCESS\\", { firstName: string; lastName: string; }> | TH.PayloadAction<\\"FETCH_USER_FAILURE\\", Error> | undefined"`;

exports[`isActionOfReducer(actual) 1`] = `"TH.EmptyAction<\\"WITH_TYPE_ONLY\\"> | { type: \\"VERY_DEEP_WITH_TYPE_ONLY\\"; } | TH.PayloadAction<\\"WITH_PAYLOAD\\", number> | TH.PayloadAction<\\"WITH_OPTIONAL_PAYLOAD\\", number | undefined> | TH.PayloadMetaAction<\\"WITH_PAYLOAD_META\\", number, string> | TH.PayloadAction<\\"WITH_MAPPED_PAYLOAD\\", number> | TH.PayloadMetaAction<\\"WITH_MAPPED_PAYLOAD_META\\", number, string> | TH.EmptyAction<\\"FETCH_USER_REQUEST\\"> | TH.PayloadAction<\\"FETCH_USER_SUCCESS\\", { firstName: string; lastName: string; }> | TH.PayloadAction<\\"FETCH_USER_FAILURE\\", Error> | undefined"`;

exports[`isActionOfReducer(actual) 2`] = `"TH.EmptyAction<\\"WITH_TYPE_ONLY\\"> | { type: \\"VERY_DEEP_WITH_TYPE_ONLY\\"; } | TH.PayloadAction<\\"WITH_PAYLOAD\\", number> | TH.PayloadAction<\\"WITH_OPTIONAL_PAYLOAD\\", number | undefined> | TH.PayloadMetaAction<\\"WITH_PAYLOAD_META\\", number, string> | TH.PayloadAction<\\"WITH_MAPPED_PAYLOAD\\", number> | TH.PayloadMetaAction<\\"WITH_MAPPED_PAYLOAD_META\\", number, string> | TH.EmptyAction<\\"FETCH_USER_REQUEST\\"> | TH.PayloadAction<\\"FETCH_USER_SUCCESS\\", { firstName: string; lastName: string; }> | TH.PayloadAction<\\"FETCH_USER_FAILURE\\", Error> | undefined"`;

exports[`isActionOfReducer(actual) 3`] = `"TH.EmptyAction<\\"WITH_TYPE_ONLY\\"> | { type: \\"VERY_DEEP_WITH_TYPE_ONLY\\"; } | TH.PayloadAction<\\"WITH_PAYLOAD\\", number> | TH.PayloadAction<\\"WITH_OPTIONAL_PAYLOAD\\", number | undefined> | TH.PayloadMetaAction<\\"WITH_PAYLOAD_META\\", number, string> | TH.PayloadAction<\\"WITH_MAPPED_PAYLOAD\\", number> | TH.PayloadMetaAction<\\"WITH_MAPPED_PAYLOAD_META\\", number, string> | TH.EmptyAction<\\"FETCH_USER_REQUEST\\"> | TH.PayloadAction<\\"FETCH_USER_SUCCESS\\", { firstName: string; lastName: string; }> | TH.PayloadAction<\\"FETCH_USER_FAILURE\\", Error> | undefined"`;

exports[`isActionOfReducer(actual) 4`] = `"TH.EmptyAction<\\"WITH_TYPE_ONLY\\"> | { type: \\"VERY_DEEP_WITH_TYPE_ONLY\\"; } | TH.PayloadAction<\\"WITH_PAYLOAD\\", number> | TH.PayloadAction<\\"WITH_OPTIONAL_PAYLOAD\\", number | undefined> | TH.PayloadMetaAction<\\"WITH_PAYLOAD_META\\", number, string> | TH.PayloadAction<\\"WITH_MAPPED_PAYLOAD\\", number> | TH.PayloadMetaAction<\\"WITH_MAPPED_PAYLOAD_META\\", number, string> | TH.EmptyAction<\\"FETCH_USER_REQUEST\\"> | TH.PayloadAction<\\"FETCH_USER_SUCCESS\\", { firstName: string; lastName: string; }> | TH.PayloadAction<\\"FETCH_USER_FAILURE\\", Error> | undefined"`;

exports[`isActionOfReducer(actual) 5`] = `"TH.EmptyAction<\\"WITH_TYPE_ONLY\\"> | { type: \\"VERY_DEEP_WITH_TYPE_ONLY\\"; } | TH.PayloadAction<\\"WITH_PAYLOAD\\", number> | TH.PayloadAction<\\"WITH_OPTIONAL_PAYLOAD\\", number | undefined> | TH.PayloadMetaAction<\\"WITH_PAYLOAD_META\\", number, string> | TH.PayloadAction<\\"WITH_MAPPED_PAYLOAD\\", number> | TH.PayloadMetaAction<\\"WITH_MAPPED_PAYLOAD_META\\", number, string> | TH.EmptyAction<\\"FETCH_USER_REQUEST\\"> | TH.PayloadAction<\\"FETCH_USER_SUCCESS\\", { firstName: string; lastName: string; }> | TH.PayloadAction<\\"FETCH_USER_FAILURE\\", Error> | undefined"`;

exports[`isActionOfReducer(actual) 6`] = `"TH.EmptyAction<\\"WITH_TYPE_ONLY\\"> | { type: \\"VERY_DEEP_WITH_TYPE_ONLY\\"; } | TH.PayloadAction<\\"WITH_PAYLOAD\\", number> | TH.PayloadAction<\\"WITH_OPTIONAL_PAYLOAD\\", number | undefined> | TH.PayloadMetaAction<\\"WITH_PAYLOAD_META\\", number, string> | TH.PayloadAction<\\"WITH_MAPPED_PAYLOAD\\", number> | TH.PayloadMetaAction<\\"WITH_MAPPED_PAYLOAD_META\\", number, string> | TH.EmptyAction<\\"FETCH_USER_REQUEST\\"> | TH.PayloadAction<\\"FETCH_USER_SUCCESS\\", { firstName: string; lastName: string; }> | TH.PayloadAction<\\"FETCH_USER_FAILURE\\", Error> | undefined"`;

exports[`isOfTypeCurriedReducer(actual) 1`] = `"TH.EmptyAction<\\"WITH_TYPE_ONLY\\"> | { type: \\"VERY_DEEP_WITH_TYPE_ONLY\\"; } | TH.PayloadAction<\\"WITH_PAYLOAD\\", number> | TH.PayloadAction<\\"WITH_OPTIONAL_PAYLOAD\\", number | undefined> | TH.PayloadMetaAction<\\"WITH_PAYLOAD_META\\", number, string> | TH.PayloadAction<\\"WITH_MAPPED_PAYLOAD\\", number> | TH.PayloadMetaAction<\\"WITH_MAPPED_PAYLOAD_META\\", number, string> | TH.EmptyAction<\\"FETCH_USER_REQUEST\\"> | TH.PayloadAction<\\"FETCH_USER_SUCCESS\\", { firstName: string; lastName: string; }> | TH.PayloadAction<\\"FETCH_USER_FAILURE\\", Error> | undefined"`;

exports[`isOfTypeCurriedReducer(actual) 2`] = `"TH.EmptyAction<\\"WITH_TYPE_ONLY\\"> | { type: \\"VERY_DEEP_WITH_TYPE_ONLY\\"; } | TH.PayloadAction<\\"WITH_PAYLOAD\\", number> | TH.PayloadAction<\\"WITH_OPTIONAL_PAYLOAD\\", number | undefined> | TH.PayloadMetaAction<\\"WITH_PAYLOAD_META\\", number, string> | TH.PayloadAction<\\"WITH_MAPPED_PAYLOAD\\", number> | TH.PayloadMetaAction<\\"WITH_MAPPED_PAYLOAD_META\\", number, string> | TH.EmptyAction<\\"FETCH_USER_REQUEST\\"> | TH.PayloadAction<\\"FETCH_USER_SUCCESS\\", { firstName: string; lastName: string; }> | TH.PayloadAction<\\"FETCH_USER_FAILURE\\", Error> | undefined"`;

exports[`isOfTypeCurriedReducer(actual) 3`] = `"TH.EmptyAction<\\"WITH_TYPE_ONLY\\"> | { type: \\"VERY_DEEP_WITH_TYPE_ONLY\\"; } | TH.PayloadAction<\\"WITH_PAYLOAD\\", number> | TH.PayloadAction<\\"WITH_OPTIONAL_PAYLOAD\\", number | undefined> | TH.PayloadMetaAction<\\"WITH_PAYLOAD_META\\", number, string> | TH.PayloadAction<\\"WITH_MAPPED_PAYLOAD\\", number> | TH.PayloadMetaAction<\\"WITH_MAPPED_PAYLOAD_META\\", number, string> | TH.EmptyAction<\\"FETCH_USER_REQUEST\\"> | TH.PayloadAction<\\"FETCH_USER_SUCCESS\\", { firstName: string; lastName: string; }> | TH.PayloadAction<\\"FETCH_USER_FAILURE\\", Error> | undefined"`;

exports[`isOfTypeCurriedReducer(actual) 4`] = `"TH.EmptyAction<\\"WITH_TYPE_ONLY\\"> | { type: \\"VERY_DEEP_WITH_TYPE_ONLY\\"; } | TH.PayloadAction<\\"WITH_PAYLOAD\\", number> | TH.PayloadAction<\\"WITH_OPTIONAL_PAYLOAD\\", number | undefined> | TH.PayloadMetaAction<\\"WITH_PAYLOAD_META\\", number, string> | TH.PayloadAction<\\"WITH_MAPPED_PAYLOAD\\", number> | TH.PayloadMetaAction<\\"WITH_MAPPED_PAYLOAD_META\\", number, string> | TH.EmptyAction<\\"FETCH_USER_REQUEST\\"> | TH.PayloadAction<\\"FETCH_USER_SUCCESS\\", { firstName: string; lastName: string; }> | TH.PayloadAction<\\"FETCH_USER_FAILURE\\", Error> | undefined"`;

exports[`isOfTypeCurriedReducer(actual) 5`] = `"TH.EmptyAction<\\"WITH_TYPE_ONLY\\"> | { type: \\"VERY_DEEP_WITH_TYPE_ONLY\\"; } | TH.PayloadAction<\\"WITH_PAYLOAD\\", number> | TH.PayloadAction<\\"WITH_OPTIONAL_PAYLOAD\\", number | undefined> | TH.PayloadMetaAction<\\"WITH_PAYLOAD_META\\", number, string> | TH.PayloadAction<\\"WITH_MAPPED_PAYLOAD\\", number> | TH.PayloadMetaAction<\\"WITH_MAPPED_PAYLOAD_META\\", number, string> | TH.EmptyAction<\\"FETCH_USER_REQUEST\\"> | TH.PayloadAction<\\"FETCH_USER_SUCCESS\\", { firstName: string; lastName: string; }> | TH.PayloadAction<\\"FETCH_USER_FAILURE\\", Error> | undefined"`;

exports[`isOfTypeCurriedReducer(actual) 6`] = `"TH.EmptyAction<\\"WITH_TYPE_ONLY\\"> | { type: \\"VERY_DEEP_WITH_TYPE_ONLY\\"; } | TH.PayloadAction<\\"WITH_PAYLOAD\\", number> | TH.PayloadAction<\\"WITH_OPTIONAL_PAYLOAD\\", number | undefined> | TH.PayloadMetaAction<\\"WITH_PAYLOAD_META\\", number, string> | TH.PayloadAction<\\"WITH_MAPPED_PAYLOAD\\", number> | TH.PayloadMetaAction<\\"WITH_MAPPED_PAYLOAD_META\\", number, string> | TH.EmptyAction<\\"FETCH_USER_REQUEST\\"> | TH.PayloadAction<\\"FETCH_USER_SUCCESS\\", { firstName: string; lastName: string; }> | TH.PayloadAction<\\"FETCH_USER_FAILURE\\", Error> | undefined"`;

exports[`isOfTypeReducer(actual) 1`] = `"TH.EmptyAction<\\"WITH_TYPE_ONLY\\"> | { type: \\"VERY_DEEP_WITH_TYPE_ONLY\\"; } | TH.PayloadAction<\\"WITH_PAYLOAD\\", number> | TH.PayloadAction<\\"WITH_OPTIONAL_PAYLOAD\\", number | undefined> | TH.PayloadMetaAction<\\"WITH_PAYLOAD_META\\", number, string> | TH.PayloadAction<\\"WITH_MAPPED_PAYLOAD\\", number> | TH.PayloadMetaAction<\\"WITH_MAPPED_PAYLOAD_META\\", number, string> | TH.EmptyAction<\\"FETCH_USER_REQUEST\\"> | TH.PayloadAction<\\"FETCH_USER_SUCCESS\\", { firstName: string; lastName: string; }> | TH.PayloadAction<\\"FETCH_USER_FAILURE\\", Error> | undefined"`;

exports[`isOfTypeReducer(actual) 2`] = `"TH.EmptyAction<\\"WITH_TYPE_ONLY\\"> | { type: \\"VERY_DEEP_WITH_TYPE_ONLY\\"; } | TH.PayloadAction<\\"WITH_PAYLOAD\\", number> | TH.PayloadAction<\\"WITH_OPTIONAL_PAYLOAD\\", number | undefined> | TH.PayloadMetaAction<\\"WITH_PAYLOAD_META\\", number, string> | TH.PayloadAction<\\"WITH_MAPPED_PAYLOAD\\", number> | TH.PayloadMetaAction<\\"WITH_MAPPED_PAYLOAD_META\\", number, string> | TH.EmptyAction<\\"FETCH_USER_REQUEST\\"> | TH.PayloadAction<\\"FETCH_USER_SUCCESS\\", { firstName: string; lastName: string; }> | TH.PayloadAction<\\"FETCH_USER_FAILURE\\", Error> | undefined"`;

exports[`isOfTypeReducer(actual) 3`] = `"TH.EmptyAction<\\"WITH_TYPE_ONLY\\"> | { type: \\"VERY_DEEP_WITH_TYPE_ONLY\\"; } | TH.PayloadAction<\\"WITH_PAYLOAD\\", number> | TH.PayloadAction<\\"WITH_OPTIONAL_PAYLOAD\\", number | undefined> | TH.PayloadMetaAction<\\"WITH_PAYLOAD_META\\", number, string> | TH.PayloadAction<\\"WITH_MAPPED_PAYLOAD\\", number> | TH.PayloadMetaAction<\\"WITH_MAPPED_PAYLOAD_META\\", number, string> | TH.EmptyAction<\\"FETCH_USER_REQUEST\\"> | TH.PayloadAction<\\"FETCH_USER_SUCCESS\\", { firstName: string; lastName: string; }> | TH.PayloadAction<\\"FETCH_USER_FAILURE\\", Error> | undefined"`;

exports[`isOfTypeReducer(actual) 4`] = `"TH.EmptyAction<\\"WITH_TYPE_ONLY\\"> | { type: \\"VERY_DEEP_WITH_TYPE_ONLY\\"; } | TH.PayloadAction<\\"WITH_PAYLOAD\\", number> | TH.PayloadAction<\\"WITH_OPTIONAL_PAYLOAD\\", number | undefined> | TH.PayloadMetaAction<\\"WITH_PAYLOAD_META\\", number, string> | TH.PayloadAction<\\"WITH_MAPPED_PAYLOAD\\", number> | TH.PayloadMetaAction<\\"WITH_MAPPED_PAYLOAD_META\\", number, string> | TH.EmptyAction<\\"FETCH_USER_REQUEST\\"> | TH.PayloadAction<\\"FETCH_USER_SUCCESS\\", { firstName: string; lastName: string; }> | TH.PayloadAction<\\"FETCH_USER_FAILURE\\", Error> | undefined"`;

exports[`isOfTypeReducer(actual) 5`] = `"TH.EmptyAction<\\"WITH_TYPE_ONLY\\"> | { type: \\"VERY_DEEP_WITH_TYPE_ONLY\\"; } | TH.PayloadAction<\\"WITH_PAYLOAD\\", number> | TH.PayloadAction<\\"WITH_OPTIONAL_PAYLOAD\\", number | undefined> | TH.PayloadMetaAction<\\"WITH_PAYLOAD_META\\", number, string> | TH.PayloadAction<\\"WITH_MAPPED_PAYLOAD\\", number> | TH.PayloadMetaAction<\\"WITH_MAPPED_PAYLOAD_META\\", number, string> | TH.EmptyAction<\\"FETCH_USER_REQUEST\\"> | TH.PayloadAction<\\"FETCH_USER_SUCCESS\\", { firstName: string; lastName: string; }> | TH.PayloadAction<\\"FETCH_USER_FAILURE\\", Error> | undefined"`;

exports[`isOfTypeReducer(actual) 6`] = `"TH.EmptyAction<\\"WITH_TYPE_ONLY\\"> | { type: \\"VERY_DEEP_WITH_TYPE_ONLY\\"; } | TH.PayloadAction<\\"WITH_PAYLOAD\\", number> | TH.PayloadAction<\\"WITH_OPTIONAL_PAYLOAD\\", number | undefined> | TH.PayloadMetaAction<\\"WITH_PAYLOAD_META\\", number, string> | TH.PayloadAction<\\"WITH_MAPPED_PAYLOAD\\", number> | TH.PayloadMetaAction<\\"WITH_MAPPED_PAYLOAD_META\\", number, string> | TH.EmptyAction<\\"FETCH_USER_REQUEST\\"> | TH.PayloadAction<\\"FETCH_USER_SUCCESS\\", { firstName: string; lastName: string; }> | TH.PayloadAction<\\"FETCH_USER_FAILURE\\", Error> | undefined"`;

exports[`reducer(undefined, withTypeOnly()) 1`] = `"boolean"`;

exports[`testType<ActionType<typeof actions>>() 1`] = `"TH.EmptyAction<\\"WITH_TYPE_ONLY\\"> | { type: \\"VERY_DEEP_WITH_TYPE_ONLY\\"; } | TH.PayloadAction<\\"WITH_PAYLOAD\\", number> | TH.PayloadAction<\\"WITH_OPTIONAL_PAYLOAD\\", number | undefined> | TH.PayloadMetaAction<\\"WITH_PAYLOAD_META\\", number, string> | TH.PayloadAction<\\"WITH_MAPPED_PAYLOAD\\", number> | TH.PayloadMetaAction<\\"WITH_MAPPED_PAYLOAD_META\\", number, string> | TH.EmptyAction<\\"FETCH_USER_REQUEST\\"> | TH.PayloadAction<\\"FETCH_USER_SUCCESS\\", { firstName: string; lastName: string; }> | TH.PayloadAction<\\"FETCH_USER_FAILURE\\", Error>"`;

exports[`testType<StateType<typeof reducer>>() 1`] = `"boolean"`;
